main.c:154:6:printHeader	16	static
main.c:169:6:popBuff	16	static
main.c:183:8:ADCtoCurrent	24	static
main.c:187:8:avgCurrent	56	static
main.c:202:6:printCurrentArray	112	static
main.c:214:6:setPWMPin	24	static
main.c:233:6:pinWrite	16	static
main.c:248:6:allOn	16	static
main.c:257:6:turnOnPin	16	static
main.c:264:6:turnOnPinDuration	16	static
main.c:274:6:allOff	16	static
main.c:283:6:turnOffPin	16	static
main.c:291:6:actuatePins	32	static
main.c:320:6:handleUserInputs	24	static
main.c:339:6:autoOff	32	static
main.c:349:6:handleButtonPress	24	static
main.c:367:6:checkButtonPress	24	static
main.c:375:6:clearLineAndBuffer	8	static
main.c:388:5:main	8	static
main.c:471:6:SystemClock_Config	88	static
main.c:515:13:MX_ADC1_Init	24	static
main.c:605:13:MX_I2C1_Init	8	static
main.c:639:13:MX_TIM2_Init	32	static
main.c:684:13:MX_TIM5_Init	48	static
main.c:743:13:MX_DMA_Init	16	static
main.c:761:13:MX_GPIO_Init	48	static
main.c:808:6:HAL_ADC_ConvCpltCallback	16	static
main.c:818:6:Error_Handler	4	static,ignoring_inline_asm
