Archive member included to satisfy reference by file (symbol)

/opt/stm32cubeide/plugins/com.st.stm32cube.ide.mcu.externaltools.gnu-tools-for-stm32.9-2020-q2-update.linux64_1.5.0.202011040924/tools/bin/../lib/gcc/arm-none-eabi/9.3.1/../../../../arm-none-eabi/lib/thumb/v7e-m+fp/hard/libc_nano.a(lib_a-assert.o)
                              Libraries/circularBuffer/Src/circular_buffer.o (__assert_func)
/opt/stm32cubeide/plugins/com.st.stm32cube.ide.mcu.externaltools.gnu-tools-for-stm32.9-2020-q2-update.linux64_1.5.0.202011040924/tools/bin/../lib/gcc/arm-none-eabi/9.3.1/../../../../arm-none-eabi/lib/thumb/v7e-m+fp/hard/libc_nano.a(lib_a-atoi.o)
                              InputValidation/Src/inputValidation.o (atoi)
/opt/stm32cubeide/plugins/com.st.stm32cube.ide.mcu.externaltools.gnu-tools-for-stm32.9-2020-q2-update.linux64_1.5.0.202011040924/tools/bin/../lib/gcc/arm-none-eabi/9.3.1/../../../../arm-none-eabi/lib/thumb/v7e-m+fp/hard/libc_nano.a(lib_a-ctype_.o)
                              InputValidation/Src/inputValidation.o (_ctype_)
/opt/stm32cubeide/plugins/com.st.stm32cube.ide.mcu.externaltools.gnu-tools-for-stm32.9-2020-q2-update.linux64_1.5.0.202011040924/tools/bin/../lib/gcc/arm-none-eabi/9.3.1/../../../../arm-none-eabi/lib/thumb/v7e-m+fp/hard/libc_nano.a(lib_a-errno.o)
                              Core/Src/syscalls.o (__errno)
/opt/stm32cubeide/plugins/com.st.stm32cube.ide.mcu.externaltools.gnu-tools-for-stm32.9-2020-q2-update.linux64_1.5.0.202011040924/tools/bin/../lib/gcc/arm-none-eabi/9.3.1/../../../../arm-none-eabi/lib/thumb/v7e-m+fp/hard/libc_nano.a(lib_a-exit.o)
                              /opt/stm32cubeide/plugins/com.st.stm32cube.ide.mcu.externaltools.gnu-tools-for-stm32.9-2020-q2-update.linux64_1.5.0.202011040924/tools/bin/../lib/gcc/arm-none-eabi/9.3.1/../../../../arm-none-eabi/lib/thumb/v7e-m+fp/hard/crt0.o (exit)
/opt/stm32cubeide/plugins/com.st.stm32cube.ide.mcu.externaltools.gnu-tools-for-stm32.9-2020-q2-update.linux64_1.5.0.202011040924/tools/bin/../lib/gcc/arm-none-eabi/9.3.1/../../../../arm-none-eabi/lib/thumb/v7e-m+fp/hard/libc_nano.a(lib_a-fprintf.o)
                              /opt/stm32cubeide/plugins/com.st.stm32cube.ide.mcu.externaltools.gnu-tools-for-stm32.9-2020-q2-update.linux64_1.5.0.202011040924/tools/bin/../lib/gcc/arm-none-eabi/9.3.1/../../../../arm-none-eabi/lib/thumb/v7e-m+fp/hard/libc_nano.a(lib_a-assert.o) (fiprintf)
/opt/stm32cubeide/plugins/com.st.stm32cube.ide.mcu.externaltools.gnu-tools-for-stm32.9-2020-q2-update.linux64_1.5.0.202011040924/tools/bin/../lib/gcc/arm-none-eabi/9.3.1/../../../../arm-none-eabi/lib/thumb/v7e-m+fp/hard/libc_nano.a(lib_a-impure.o)
                              /opt/stm32cubeide/plugins/com.st.stm32cube.ide.mcu.externaltools.gnu-tools-for-stm32.9-2020-q2-update.linux64_1.5.0.202011040924/tools/bin/../lib/gcc/arm-none-eabi/9.3.1/../../../../arm-none-eabi/lib/thumb/v7e-m+fp/hard/libc_nano.a(lib_a-exit.o) (_global_impure_ptr)
/opt/stm32cubeide/plugins/com.st.stm32cube.ide.mcu.externaltools.gnu-tools-for-stm32.9-2020-q2-update.linux64_1.5.0.202011040924/tools/bin/../lib/gcc/arm-none-eabi/9.3.1/../../../../arm-none-eabi/lib/thumb/v7e-m+fp/hard/libc_nano.a(lib_a-init.o)
                              /opt/stm32cubeide/plugins/com.st.stm32cube.ide.mcu.externaltools.gnu-tools-for-stm32.9-2020-q2-update.linux64_1.5.0.202011040924/tools/bin/../lib/gcc/arm-none-eabi/9.3.1/../../../../arm-none-eabi/lib/thumb/v7e-m+fp/hard/crt0.o (__libc_init_array)
/opt/stm32cubeide/plugins/com.st.stm32cube.ide.mcu.externaltools.gnu-tools-for-stm32.9-2020-q2-update.linux64_1.5.0.202011040924/tools/bin/../lib/gcc/arm-none-eabi/9.3.1/../../../../arm-none-eabi/lib/thumb/v7e-m+fp/hard/libc_nano.a(lib_a-malloc.o)
                              Libraries/circularBuffer/Src/circular_buffer.o (malloc)
/opt/stm32cubeide/plugins/com.st.stm32cube.ide.mcu.externaltools.gnu-tools-for-stm32.9-2020-q2-update.linux64_1.5.0.202011040924/tools/bin/../lib/gcc/arm-none-eabi/9.3.1/../../../../arm-none-eabi/lib/thumb/v7e-m+fp/hard/libc_nano.a(lib_a-memcpy-stub.o)
                              InputValidation/Src/inputValidation.o (memcpy)
/opt/stm32cubeide/plugins/com.st.stm32cube.ide.mcu.externaltools.gnu-tools-for-stm32.9-2020-q2-update.linux64_1.5.0.202011040924/tools/bin/../lib/gcc/arm-none-eabi/9.3.1/../../../../arm-none-eabi/lib/thumb/v7e-m+fp/hard/libc_nano.a(lib_a-memset.o)
                              /opt/stm32cubeide/plugins/com.st.stm32cube.ide.mcu.externaltools.gnu-tools-for-stm32.9-2020-q2-update.linux64_1.5.0.202011040924/tools/bin/../lib/gcc/arm-none-eabi/9.3.1/../../../../arm-none-eabi/lib/thumb/v7e-m+fp/hard/crt0.o (memset)
/opt/stm32cubeide/plugins/com.st.stm32cube.ide.mcu.externaltools.gnu-tools-for-stm32.9-2020-q2-update.linux64_1.5.0.202011040924/tools/bin/../lib/gcc/arm-none-eabi/9.3.1/../../../../arm-none-eabi/lib/thumb/v7e-m+fp/hard/libc_nano.a(lib_a-nano-freer.o)
[...]
Memory Configuration

Name             Origin             Length             Attributes
RAM              0x0000000020000000 0x0000000000010000 xrw
FLASH            0x0000000008000000 0x0000000000040000 xr
*default*        0x0000000000000000 0xffffffffffffffff

Linker script and memory map

LOAD /opt/stm32cubeide/plugins/com.st.stm32cube.ide.mcu.externaltools.gnu-tools-for-stm32.9-2020-q2-update.linux64_1.5.0.202011040924/tools/bin/../lib/gcc/arm-none-eabi/9.3.1/thumb/v7e-m+fp/hard/crti.o
LOAD /opt/stm32cubeide/plugins/com.st.stm32cube.ide.mcu.externaltools.gnu-tools-for-stm32.9-2020-q2-update.linux64_1.5.0.202011040924/tools/bin/../lib/gcc/arm-none-eabi/9.3.1/thumb/v7e-m+fp/hard/crtbegin.o
LOAD /opt/stm32cubeide/plugins/com.st.stm32cube.ide.mcu.externaltools.gnu-tools-for-stm32.9-2020-q2-update.linux64_1.5.0.202011040924/tools/bin/../lib/gcc/arm-none-eabi/9.3.1/../../../../arm-none-eabi/lib/thumb/v7e-m+fp/hard/crt0.o
LOAD Core/Src/main.o
LOAD Core/Src/stm32f4xx_hal_msp.o
LOAD Core/Src/stm32f4xx_it.o
LOAD Core/Src/syscalls.o
LOAD Core/Src/sysmem.o
LOAD Core/Src/system_stm32f4xx.o
LOAD Core/Startup/startup_stm32f401ccux.o
LOAD Drivers/STM32F4xx_HAL_Driver/Src/stm32f4xx_hal.o
LOAD Drivers/STM32F4xx_HAL_Driver/Src/stm32f4xx_hal_adc.o
LOAD Drivers/STM32F4xx_HAL_Driver/Src/stm32f4xx_hal_adc_ex.o
LOAD Drivers/STM32F4xx_HAL_Driver/Src/stm32f4xx_hal_cortex.o
LOAD Drivers/STM32F4xx_HAL_Driver/Src/stm32f4xx_hal_dma.o
LOAD Drivers/STM32F4xx_HAL_Driver/Src/stm32f4xx_hal_dma_ex.o
LOAD Drivers/STM32F4xx_HAL_Driver/Src/stm32f4xx_hal_exti.o
LOAD Drivers/STM32F4xx_HAL_Driver/Src/stm32f4xx_hal_flash.o
LOAD Drivers/STM32F4xx_HAL_Driver/Src/stm32f4xx_hal_flash_ex.o
LOAD Drivers/STM32F4xx_HAL_Driver/Src/stm32f4xx_hal_flash_ramfunc.o
LOAD Drivers/STM32F4xx_HAL_Driver/Src/stm32f4xx_hal_gpio.o
LOAD Drivers/STM32F4xx_HAL_Driver/Src/stm32f4xx_hal_i2c.o
LOAD Drivers/STM32F4xx_HAL_Driver/Src/stm32f4xx_hal_i2c_ex.o
LOAD Drivers/STM32F4xx_HAL_Driver/Src/stm32f4xx_hal_pcd.o
LOAD Drivers/STM32F4xx_HAL_Driver/Src/stm32f4xx_hal_pcd_ex.o
LOAD Drivers/STM32F4xx_HAL_Driver/Src/stm32f4xx_hal_pwr.o
LOAD Drivers/STM32F4xx_HAL_Driver/Src/stm32f4xx_hal_pwr_ex.o
LOAD Drivers/STM32F4xx_HAL_Driver/Src/stm32f4xx_hal_rcc.o
LOAD Drivers/STM32F4xx_HAL_Driver/Src/stm32f4xx_hal_rcc_ex.o
LOAD Drivers/STM32F4xx_HAL_Driver/Src/stm32f4xx_hal_tim.o
LOAD Drivers/STM32F4xx_HAL_Driver/Src/stm32f4xx_hal_tim_ex.o
LOAD Drivers/STM32F4xx_HAL_Driver/Src/stm32f4xx_ll_adc.o
LOAD Drivers/STM32F4xx_HAL_Driver/Src/stm32f4xx_ll_usb.o
LOAD InputValidation/Src/inputValidation.o
LOAD Libraries/SI7051/Src/si7051.o
LOAD Libraries/USBprint/Src/USBprint.o
LOAD Libraries/circularBuffer/Src/circular_buffer.o
LOAD Libraries/handleGenericMessages/Src/handleGenericMessages.o
LOAD Libraries/jumpToBootloader/Src/jumpToBootloader.o
LOAD Middlewares/ST/STM32_USB_Device_Library/Class/CDC/Src/usbd_cdc.o
LOAD Middlewares/ST/STM32_USB_Device_Library/Core/Src/usbd_core.o
LOAD Middlewares/ST/STM32_USB_Device_Library/Core/Src/usbd_ctlreq.o
LOAD Middlewares/ST/STM32_USB_Device_Library/Core/Src/usbd_ioreq.o
LOAD USB_DEVICE/App/usb_device.o
LOAD USB_DEVICE/App/usbd_cdc_if.o
LOAD USB_DEVICE/App/usbd_desc.o
LOAD USB_DEVICE/Target/usbd_conf.o
START GROUP
LOAD /opt/stm32cubeide/plugins/com.st.stm32cube.ide.mcu.externaltools.gnu-tools-for-stm32.9-2020-q2-update.linux64_1.5.0.202011040924/tools/bin/../lib/gcc/arm-none-eabi/9.3.1/../../../../arm-none-eabi/lib/thumb/v7e-m+fp/hard/libc_nano.a
LOAD /opt/stm32cubeide/plugins/com.st.stm32cube.ide.mcu.externaltools.gnu-tools-for-stm32.9-2020-q2-update.linux64_1.5.0.202011040924/tools/bin/../lib/gcc/arm-none-eabi/9.3.1/../../../../arm-none-eabi/lib/thumb/v7e-m+fp/hard/libm.a
END GROUP
START GROUP
LOAD /opt/stm32cubeide/plugins/com.st.stm32cube.ide.mcu.externaltools.gnu-tools-for-stm32.9-2020-q2-update.linux64_1.5.0.202011040924/tools/bin/../lib/gcc/arm-none-eabi/9.3.1/thumb/v7e-m+fp/hard/libgcc.a
LOAD /opt/stm32cubeide/plugins/com.st.stm32cube.ide.mcu.externaltools.gnu-tools-for-stm32.9-2020-q2-update.linux64_1.5.0.202011040924/tools/bin/../lib/gcc/arm-none-eabi/9.3.1/../../../../arm-none-eabi/lib/thumb/v7e-m+fp/hard/libc_nano.a
END GROUP
START GROUP
LOAD /opt/stm32cubeide/plugins/com.st.stm32cube.ide.mcu.externaltools.gnu-tools-for-stm32.9-2020-q2-update.linux64_1.5.0.202011040924/tools/bin/../lib/gcc/arm-none-eabi/9.3.1/thumb/v7e-m+fp/hard/libgcc.a
LOAD /opt/stm32cubeide/plugins/com.st.stm32cube.ide.mcu.externaltools.gnu-tools-for-stm32.9-2020-q2-update.linux64_1.5.0.202011040924/tools/bin/../lib/gcc/arm-none-eabi/9.3.1/../../../../arm-none-eabi/lib/thumb/v7e-m+fp/hard/libc_nano.a
LOAD /opt/stm32cubeide/plugins/com.st.stm32cube.ide.mcu.externaltools.gnu-tools-for-stm32.9-2020-q2-update.linux64_1.5.0.202011040924/tools/bin/../lib/gcc/arm-none-eabi/9.3.1/../../../../arm-none-eabi/lib/thumb/v7e-m+fp/hard/libnosys.a
END GROUP
START GROUP
LOAD /opt/stm32cubeide/plugins/com.st.stm32cube.ide.mcu.externaltools.gnu-tools-for-stm32.9-2020-q2-update.linux64_1.5.0.202011040924/tools/bin/../lib/gcc/arm-none-eabi/9.3.1/thumb/v7e-m+fp/hard/libgcc.a
LOAD /opt/stm32cubeide/plugins/com.st.stm32cube.ide.mcu.externaltools.gnu-tools-for-stm32.9-2020-q2-update.linux64_1.5.0.202011040924/tools/bin/../lib/gcc/arm-none-eabi/9.3.1/../../../../arm-none-eabi/lib/thumb/v7e-m+fp/hard/libc_nano.a
LOAD /opt/stm32cubeide/plugins/com.st.stm32cube.ide.mcu.externaltools.gnu-tools-for-stm32.9-2020-q2-update.linux64_1.5.0.202011040924/tools/bin/../lib/gcc/arm-none-eabi/9.3.1/../../../../arm-none-eabi/lib/thumb/v7e-m+fp/hard/libnosys.a
END GROUP
LOAD /opt/stm32cubeide/plugins/com.st.stm32cube.ide.mcu.externaltools.gnu-tools-for-stm32.9-2020-q2-update.linux64_1.5.0.202011040924/tools/bin/../lib/gcc/arm-none-eabi/9.3.1/thumb/v7e-m+fp/hard/crtend.o
LOAD /opt/stm32cubeide/plugins/com.st.stm32cube.ide.mcu.externaltools.gnu-tools-for-stm32.9-2020-q2-update.linux64_1.5.0.202011040924/tools/bin/../lib/gcc/arm-none-eabi/9.3.1/thumb/v7e-m+fp/hard/crtn.o
                0x0000000020010000                _estack = (ORIGIN (RAM) + LENGTH (RAM))
                0x0000000000000600                _Min_Heap_Size = 0x600
                0x0000000000000400                _Min_Stack_Size = 0x400

.isr_vector     0x0000000008000000      0x194
                0x0000000008000000                . = ALIGN (0x4)
 *(.isr_vector)
 .isr_vector    0x0000000008000000      0x194 Core/Startup/startup_stm32f401ccux.o
                0x0000000008000000                g_pfnVectors
                0x0000000008000194                . = ALIGN (0x4)

.text           0x00000000080001a0     0xeb00
                0x00000000080001a0                . = ALIGN (0x4)
 *(.text)
 .text          0x00000000080001a0       0x40 /opt/stm32cubeide/plugins/com.st.stm32cube.ide.mcu.externaltools.gnu-tools-for-stm32.9-2020-q2-update.linux64_1.5.0.202011040924/tools/bin/../lib/gcc/arm-none-eabi/9.3.1/thumb/v7e-m+fp/hard/crtbegin.o
 .text          0x00000000080001e0       0x14 /opt/stm32cubeide/plugins/com.st.stm32cube.ide.mcu.externaltools.gnu-tools-for-stm32.9-2020-q2-update.linux64_1.5.0.202011040924/tools/bin/../lib/gcc/arm-none-eabi/9.3.1/../../../../arm-none-eabi/lib/thumb/v7e-m+fp/hard/libc_nano.a(lib_a-strcmp.o)
                0x00000000080001e0                strcmp
 .text          0x00000000080001f4       0x10 /opt/stm32cubeide/plugins/com.st.stm32cube.ide.mcu.externaltools.gnu-tools-for-stm32.9-2020-q2-update.linux64_1.5.0.202011040924/tools/bin/../lib/gcc/arm-none-eabi/9.3.1/../../../../arm-none-eabi/lib/thumb/v7e-m+fp/hard/libc_nano.a(lib_a-strlen.o)
                0x00000000080001f4                strlen
 *fill*         0x0000000008000204        0xc 
 .text          0x0000000008000210       0xa0 /opt/stm32cubeide/plugins/com.st.stm32cube.ide.mcu.externaltools.gnu-tools-for-stm32.9-2020-q2-update.linux64_1.5.0.202011040924/tools/bin/../lib/gcc/arm-none-eabi/9.3.1/../../../../arm-none-eabi/lib/thumb/v7e-m+fp/hard/libc_nano.a(lib_a-memchr.o)
                0x0000000008000210                memchr
 .text          0x00000000080002b0      0x378 /opt/stm32cubeide/plugins/com.st.stm32cube.ide.mcu.externaltools.gnu-tools-for-stm32.9-2020-q2-update.linux64_1.5.0.202011040924/tools/bin/../lib/gcc/arm-none-eabi/9.3.1/thumb/v7e-m+fp/hard/libgcc.a(_arm_addsubdf3.o)
                0x00000000080002b0                __aeabi_drsub
                0x00000000080002b8                __aeabi_dsub
                0x00000000080002b8                __subdf3
                0x00000000080002bc                __adddf3
                0x00000000080002bc                __aeabi_dadd
                0x0000000008000534                __aeabi_ui2d
                0x0000000008000534                __floatunsidf
                0x0000000008000554                __floatsidf
                0x0000000008000554                __aeabi_i2d
                0x0000000008000578                __extendsfdf2
                0x0000000008000578                __aeabi_f2d
                0x00000000080005bc                __aeabi_ul2d
                0x00000000080005bc                __floatundidf
                0x00000000080005cc                __floatdidf
                0x00000000080005cc                __aeabi_l2d
 .text          0x0000000008000628      0x424 /opt/stm32cubeide/plugins/com.st.stm32cube.ide.mcu.externaltools.gnu-tools-for-stm32.9-2020-q2-update.linux64_1.5.0.202011040924/tools/bin/../lib/gcc/arm-none-eabi/9.3.1/thumb/v7e-m+fp/hard/libgcc.a(_arm_muldivdf3.o)
                0x0000000008000628                __aeabi_dmul
                0x0000000008000628                __muldf3
                0x000000000800087c                __aeabi_ddiv
                0x000000000800087c                __divdf3
 .text          0x0000000008000a4c      0x110 /opt/stm32cubeide/plugins/com.st.stm32cube.ide.mcu.externaltools.gnu-tools-for-stm32.9-2020-q2-update.linux64_1.5.0.202011040924/tools/bin/../lib/gcc/arm-none-eabi/9.3.1/thumb/v7e-m+fp/hard/libgcc.a(_arm_cmpdf2.o)
                0x0000000008000a4c                __gtdf2
                0x0000000008000a4c                __gedf2
                0x0000000008000a54                __ltdf2
                0x0000000008000a54                __ledf2
                0x0000000008000a5c                __cmpdf2
                0x0000000008000a5c                __eqdf2
                0x0000000008000a5c                __nedf2
                0x0000000008000ad8                __aeabi_cdrcmple
                0x0000000008000ae8                __aeabi_cdcmple
                0x0000000008000ae8                __aeabi_cdcmpeq
                0x0000000008000af8                __aeabi_dcmpeq
                0x0000000008000b0c                __aeabi_dcmplt
                0x0000000008000b20                __aeabi_dcmple
                0x0000000008000b34                __aeabi_dcmpge
                0x0000000008000b48                __aeabi_dcmpgt
 .text          0x0000000008000b5c       0x2c /opt/stm32cubeide/plugins/com.st.stm32cube.ide.mcu.externaltools.gnu-tools-for-stm32.9-2020-q2-update.linux64_1.5.0.202011040924/tools/bin/../lib/gcc/arm-none-eabi/9.3.1/thumb/v7e-m+fp/hard/libgcc.a(_arm_unorddf2.o)
                0x0000000008000b5c                __aeabi_dcmpun
                0x0000000008000b5c                __unorddf2
 .text          0x0000000008000b88       0x50 /opt/stm32cubeide/plugins/com.st.stm32cube.ide.mcu.externaltools.gnu-tools-for-stm32.9-2020-q2-update.linux64_1.5.0.202011040924/tools/bin/../lib/gcc/arm-none-eabi/9.3.1/thumb/v7e-m+fp/hard/libgcc.a(_arm_fixdfsi.o)
                0x0000000008000b88                __fixdfsi
                0x0000000008000b88                __aeabi_d2iz
 .text          0x0000000008000bd8       0xa0 /opt/stm32cubeide/plugins/com.st.stm32cube.ide.mcu.externaltools.gnu-tools-for-stm32.9-2020-q2-update.linux64_1.5.0.202011040924/tools/bin/../lib/gcc/arm-none-eabi/9.3.1/thumb/v7e-m+fp/hard/libgcc.a(_arm_truncdfsf2.o)
                0x0000000008000bd8                __aeabi_d2f
                0x0000000008000bd8                __truncdfsf2
 .text          0x0000000008000c78       0x30 /opt/stm32cubeide/plugins/com.st.stm32cube.ide.mcu.externaltools.gnu-tools-for-stm32.9-2020-q2-update.linux64_1.5.0.202011040924/tools/bin/../lib/gcc/arm-none-eabi/9.3.1/thumb/v7e-m+fp/hard/libgcc.a(_aeabi_uldivmod.o)
                0x0000000008000c78                __aeabi_uldivmod
 .text          0x0000000008000ca8      0x2c4 /opt/stm32cubeide/plugins/com.st.stm32cube.ide.mcu.externaltools.gnu-tools-for-stm32.9-2020-q2-update.linux64_1.5.0.202011040924/tools/bin/../lib/gcc/arm-none-eabi/9.3.1/thumb/v7e-m+fp/hard/libgcc.a(_udivmoddi4.o)
                0x0000000008000ca8                __udivmoddi4
 .text          0x0000000008000f6c        0x4 /opt/stm32cubeide/plugins/com.st.stm32cube.ide.mcu.externaltools.gnu-tools-for-stm32.9-2020-q2-update.linux64_1.5.0.202011040924/tools/bin/../lib/gcc/arm-none-eabi/9.3.1/thumb/v7e-m+fp/hard/libgcc.a(_dvmd_tls.o)
                0x0000000008000f6c                __aeabi_ldiv0
                0x0000000008000f6c                __aeabi_idiv0
 *(.text*)
 .text.printHeader
                0x0000000008000f70       0x98 Core/Src/main.o
                0x0000000008000f70                printHeader
 .text.popBuff  0x0000000008001008       0x6c Core/Src/main.o
                0x0000000008001008                popBuff
 .text.ADCtoCurrent
                0x0000000008001074       0x58 Core/Src/main.o
                0x0000000008001074                ADCtoCurrent
 .text.avgCurrent
                0x00000000080010cc       0xa0 Core/Src/main.o
                0x00000000080010cc                avgCurrent
 .text.printCurrentArray
                0x000000000800116c       0xb4 Core/Src/main.o
                0x000000000800116c                printCurrentArray
 .text.setPWMPin
                0x0000000008001220       0x98 Core/Src/main.o
                0x0000000008001220                setPWMPin
 .text.pinWrite
                0x00000000080012b8       0x84 Core/Src/main.o
                0x00000000080012b8                pinWrite
 .text.allOn    0x000000000800133c       0x60 Core/Src/main.o
                0x000000000800133c                allOn
 .text.turnOnPin
                0x000000000800139c       0x50 Core/Src/main.o
                0x000000000800139c                turnOnPin
 .text.turnOnPinDuration
                0x00000000080013ec       0x64 Core/Src/main.o
                0x00000000080013ec                turnOnPinDuration
 .text.allOff   0x0000000008001450       0x60 Core/Src/main.o
                0x0000000008001450                allOff
 .text.turnOffPin
                0x00000000080014b0       0x50 Core/Src/main.o
                0x00000000080014b0                turnOffPin
 .text.actuatePins
                0x0000000008001500       0xd0 Core/Src/main.o
                0x0000000008001500                actuatePins
 .text.handleUserInputs
                0x00000000080015d0       0x54 Core/Src/main.o
                0x00000000080015d0                handleUserInputs
 .text.autoOff  0x0000000008001624       0x7c Core/Src/main.o
                0x0000000008001624                autoOff
 .text.handleButtonPress
                0x00000000080016a0       0xcc Core/Src/main.o
                0x00000000080016a0                handleButtonPress
 .text.checkButtonPress
                0x000000000800176c       0x5c Core/Src/main.o
                0x000000000800176c                checkButtonPress
 .text.clearLineAndBuffer
                0x00000000080017c8       0x30 Core/Src/main.o
                0x00000000080017c8                clearLineAndBuffer
 .text.main     0x00000000080017f8       0xdc Core/Src/main.o
                0x00000000080017f8                main
 .text.SystemClock_Config
                0x00000000080018d4       0xd4 Core/Src/main.o
                0x00000000080018d4                SystemClock_Config
 .text.MX_ADC1_Init
                0x00000000080019a8      0x130 Core/Src/main.o
 .text.MX_I2C1_Init
                0x0000000008001ad8       0x5c Core/Src/main.o
 .text.MX_TIM2_Init
                0x0000000008001b34       0x98 Core/Src/main.o
 .text.MX_TIM5_Init
                0x0000000008001bcc       0xf4 Core/Src/main.o
 .text.MX_DMA_Init
                0x0000000008001cc0       0x40 Core/Src/main.o
 .text.MX_GPIO_Init
                0x0000000008001d00      0x128 Core/Src/main.o
 .text.HAL_ADC_ConvCpltCallback
                0x0000000008001e28       0x14 Core/Src/main.o
                0x0000000008001e28                HAL_ADC_ConvCpltCallback
 .text.Error_Handler
                0x0000000008001e3c        0xa Core/Src/main.o
                0x0000000008001e3c                Error_Handler
 *fill*         0x0000000008001e46        0x2 
 .text.HAL_MspInit
                0x0000000008001e48       0x50 Core/Src/stm32f4xx_hal_msp.o
                0x0000000008001e48                HAL_MspInit
 .text.HAL_ADC_MspInit
                0x0000000008001e98      0x128 Core/Src/stm32f4xx_hal_msp.o
                0x0000000008001e98                HAL_ADC_MspInit
 .text.HAL_I2C_MspInit
                0x0000000008001fc0       0x90 Core/Src/stm32f4xx_hal_msp.o
                0x0000000008001fc0                HAL_I2C_MspInit
 .text.HAL_TIM_Base_MspInit
                0x0000000008002050       0x4c Core/Src/stm32f4xx_hal_msp.o
                0x0000000008002050                HAL_TIM_Base_MspInit
 .text.HAL_TIM_PWM_MspInit
                0x000000000800209c       0x44 Core/Src/stm32f4xx_hal_msp.o
                0x000000000800209c                HAL_TIM_PWM_MspInit
 .text.HAL_TIM_MspPostInit
                0x00000000080020e0       0x74 Core/Src/stm32f4xx_hal_msp.o
                0x00000000080020e0                HAL_TIM_MspPostInit
 .text.NMI_Handler
                0x0000000008002154        0x6 Core/Src/stm32f4xx_it.o
                0x0000000008002154                NMI_Handler
 .text.HardFault_Handler
                0x000000000800215a        0x6 Core/Src/stm32f4xx_it.o
                0x000000000800215a                HardFault_Handler
 .text.MemManage_Handler
                0x0000000008002160        0x6 Core/Src/stm32f4xx_it.o
                0x0000000008002160                MemManage_Handler
 .text.BusFault_Handler
                0x0000000008002166        0x6 Core/Src/stm32f4xx_it.o
                0x0000000008002166                BusFault_Handler
 .text.UsageFault_Handler
                0x000000000800216c        0x6 Core/Src/stm32f4xx_it.o
                0x000000000800216c                UsageFault_Handler
 .text.SVC_Handler
                0x0000000008002172        0xe Core/Src/stm32f4xx_it.o
                0x0000000008002172                SVC_Handler
 .text.DebugMon_Handler
                0x0000000008002180        0xe Core/Src/stm32f4xx_it.o
                0x0000000008002180                DebugMon_Handler
 .text.PendSV_Handler
                0x000000000800218e        0xe Core/Src/stm32f4xx_it.o
                0x000000000800218e                PendSV_Handler
 .text.SysTick_Handler
                0x000000000800219c        0xc Core/Src/stm32f4xx_it.o
                0x000000000800219c                SysTick_Handler
 .text.TIM2_IRQHandler
                0x00000000080021a8       0x14 Core/Src/stm32f4xx_it.o
                0x00000000080021a8                TIM2_IRQHandler
 .text.DMA2_Stream0_IRQHandler
                0x00000000080021bc       0x14 Core/Src/stm32f4xx_it.o
                0x00000000080021bc                DMA2_Stream0_IRQHandler
 .text.OTG_FS_IRQHandler
                0x00000000080021d0       0x14 Core/Src/stm32f4xx_it.o
                0x00000000080021d0                OTG_FS_IRQHandler
 .text._getpid  0x00000000080021e4       0x10 Core/Src/syscalls.o
                0x00000000080021e4                _getpid
 .text._kill    0x00000000080021f4       0x20 Core/Src/syscalls.o
                0x00000000080021f4                _kill
 .text._exit    0x0000000008002214       0x14 Core/Src/syscalls.o
                0x0000000008002214                _exit
 .text._read    0x0000000008002228       0x3a Core/Src/syscalls.o
                0x0000000008002228                _read
 .text._write   0x0000000008002262       0x38 Core/Src/syscalls.o
                0x0000000008002262                _write
 .text._close   0x000000000800229a       0x18 Core/Src/syscalls.o
                0x000000000800229a                _close
 .text._fstat   0x00000000080022b2       0x20 Core/Src/syscalls.o
                0x00000000080022b2                _fstat
 .text._isatty  0x00000000080022d2       0x16 Core/Src/syscalls.o
                0x00000000080022d2                _isatty
 .text._lseek   0x00000000080022e8       0x1a Core/Src/syscalls.o
                0x00000000080022e8                _lseek
 *fill*         0x0000000008002302        0x2 
 .text._sbrk    0x0000000008002304       0x6c Core/Src/sysmem.o
                0x0000000008002304                _sbrk
 .text.SystemInit
                0x0000000008002370       0x24 Core/Src/system_stm32f4xx.o
                0x0000000008002370                SystemInit
 .text.Reset_Handler
                0x0000000008002394       0x50 Core/Startup/startup_stm32f401ccux.o
                0x0000000008002394                Reset_Handler
 .text.Default_Handler
                0x00000000080023e4        0x2 Core/Startup/startup_stm32f401ccux.o
                0x00000000080023e4                RTC_Alarm_IRQHandler
                0x00000000080023e4                EXTI2_IRQHandler
                0x00000000080023e4                SPI4_IRQHandler
                0x00000000080023e4                TIM1_CC_IRQHandler
                0x00000000080023e4                DMA2_Stream5_IRQHandler
                0x00000000080023e4                DMA1_Stream5_IRQHandler
                0x00000000080023e4                PVD_IRQHandler
                0x00000000080023e4                SDIO_IRQHandler
                0x00000000080023e4                TAMP_STAMP_IRQHandler
                0x00000000080023e4                EXTI3_IRQHandler
                0x00000000080023e4                TIM1_UP_TIM10_IRQHandler
                0x00000000080023e4                I2C3_ER_IRQHandler
                0x00000000080023e4                EXTI0_IRQHandler
                0x00000000080023e4                I2C2_EV_IRQHandler
                0x00000000080023e4                DMA1_Stream2_IRQHandler
                0x00000000080023e4                FPU_IRQHandler
                0x00000000080023e4                DMA2_Stream2_IRQHandler
                0x00000000080023e4                SPI1_IRQHandler
                0x00000000080023e4                TIM1_BRK_TIM9_IRQHandler
                0x00000000080023e4                DMA2_Stream3_IRQHandler
                0x00000000080023e4                USART6_IRQHandler
                0x00000000080023e4                TIM4_IRQHandler
                0x00000000080023e4                I2C1_EV_IRQHandler
                0x00000000080023e4                DMA1_Stream6_IRQHandler
                0x00000000080023e4                DMA1_Stream1_IRQHandler
                0x00000000080023e4                TIM3_IRQHandler
                0x00000000080023e4                RCC_IRQHandler
                0x00000000080023e4                Default_Handler
                0x00000000080023e4                EXTI15_10_IRQHandler
                0x00000000080023e4                ADC_IRQHandler
                0x00000000080023e4                DMA1_Stream7_IRQHandler
                0x00000000080023e4                TIM5_IRQHandler
                0x00000000080023e4                DMA2_Stream7_IRQHandler
                0x00000000080023e4                I2C3_EV_IRQHandler
                0x00000000080023e4                EXTI9_5_IRQHandler
                0x00000000080023e4                RTC_WKUP_IRQHandler
                0x00000000080023e4                SPI2_IRQHandler
                0x00000000080023e4                DMA1_Stream0_IRQHandler
                0x00000000080023e4                EXTI4_IRQHandler
                0x00000000080023e4                WWDG_IRQHandler
                0x00000000080023e4                OTG_FS_WKUP_IRQHandler
                0x00000000080023e4                TIM1_TRG_COM_TIM11_IRQHandler
                0x00000000080023e4                EXTI1_IRQHandler
                0x00000000080023e4                USART2_IRQHandler
                0x00000000080023e4                I2C2_ER_IRQHandler
                0x00000000080023e4                DMA2_Stream1_IRQHandler
                0x00000000080023e4                FLASH_IRQHandler
                0x00000000080023e4                DMA2_Stream4_IRQHandler
                0x00000000080023e4                USART1_IRQHandler
                0x00000000080023e4                SPI3_IRQHandler
                0x00000000080023e4                DMA1_Stream4_IRQHandler
                0x00000000080023e4                I2C1_ER_IRQHandler
                0x00000000080023e4                DMA2_Stream6_IRQHandler
                0x00000000080023e4                DMA1_Stream3_IRQHandler
 *fill*         0x00000000080023e6        0x2 
 .text.HAL_Init
                0x00000000080023e8       0x44 Drivers/STM32F4xx_HAL_Driver/Src/stm32f4xx_hal.o
                0x00000000080023e8                HAL_Init
 .text.HAL_DeInit
                0x000000000800242c       0x58 Drivers/STM32F4xx_HAL_Driver/Src/stm32f4xx_hal.o
                0x000000000800242c                HAL_DeInit
 .text.HAL_MspDeInit
                0x0000000008002484        0xe Drivers/STM32F4xx_HAL_Driver/Src/stm32f4xx_hal.o
                0x0000000008002484                HAL_MspDeInit
 *fill*         0x0000000008002492        0x2 
 .text.HAL_InitTick
                0x0000000008002494       0x60 Drivers/STM32F4xx_HAL_Driver/Src/stm32f4xx_hal.o
                0x0000000008002494                HAL_InitTick
 .text.HAL_IncTick
                0x00000000080024f4       0x28 Drivers/STM32F4xx_HAL_Driver/Src/stm32f4xx_hal.o
                0x00000000080024f4                HAL_IncTick
 .text.HAL_GetTick
                0x000000000800251c       0x18 Drivers/STM32F4xx_HAL_Driver/Src/stm32f4xx_hal.o
                0x000000000800251c                HAL_GetTick
 .text.HAL_Delay
                0x0000000008002534       0x48 Drivers/STM32F4xx_HAL_Driver/Src/stm32f4xx_hal.o
                0x0000000008002534                HAL_Delay
 .text.HAL_ADC_Init
                0x000000000800257c       0x86 Drivers/STM32F4xx_HAL_Driver/Src/stm32f4xx_hal_adc.o
                0x000000000800257c                HAL_ADC_Init
 *fill*         0x0000000008002602        0x2 
 .text.HAL_ADC_Start_DMA
                0x0000000008002604      0x1e0 Drivers/STM32F4xx_HAL_Driver/Src/stm32f4xx_hal_adc.o
                0x0000000008002604                HAL_ADC_Start_DMA
 .text.HAL_ADC_ConvHalfCpltCallback
                0x00000000080027e4       0x14 Drivers/STM32F4xx_HAL_Driver/Src/stm32f4xx_hal_adc.o
                0x00000000080027e4                HAL_ADC_ConvHalfCpltCallback
 .text.HAL_ADC_ErrorCallback
                0x00000000080027f8       0x14 Drivers/STM32F4xx_HAL_Driver/Src/stm32f4xx_hal_adc.o
                0x00000000080027f8                HAL_ADC_ErrorCallback
 .text.HAL_ADC_ConfigChannel
                0x000000000800280c      0x244 Drivers/STM32F4xx_HAL_Driver/Src/stm32f4xx_hal_adc.o
                0x000000000800280c                HAL_ADC_ConfigChannel
 .text.ADC_Init
                0x0000000008002a50      0x1f8 Drivers/STM32F4xx_HAL_Driver/Src/stm32f4xx_hal_adc.o
 .text.ADC_DMAConvCplt
                0x0000000008002c48       0xba Drivers/STM32F4xx_HAL_Driver/Src/stm32f4xx_hal_adc.o
 .text.ADC_DMAHalfConvCplt
                0x0000000008002d02       0x1c Drivers/STM32F4xx_HAL_Driver/Src/stm32f4xx_hal_adc.o
 .text.ADC_DMAError
                0x0000000008002d1e       0x2e Drivers/STM32F4xx_HAL_Driver/Src/stm32f4xx_hal_adc.o
 .text.__NVIC_SetPriorityGrouping
                0x0000000008002d4c       0x48 Drivers/STM32F4xx_HAL_Driver/Src/stm32f4xx_hal_cortex.o
 .text.__NVIC_GetPriorityGrouping
                0x0000000008002d94       0x1c Drivers/STM32F4xx_HAL_Driver/Src/stm32f4xx_hal_cortex.o
 .text.__NVIC_EnableIRQ
                0x0000000008002db0       0x3c Drivers/STM32F4xx_HAL_Driver/Src/stm32f4xx_hal_cortex.o
 .text.__NVIC_SetPriority
                0x0000000008002dec       0x54 Drivers/STM32F4xx_HAL_Driver/Src/stm32f4xx_hal_cortex.o
 .text.NVIC_EncodePriority
                0x0000000008002e40       0x66 Drivers/STM32F4xx_HAL_Driver/Src/stm32f4xx_hal_cortex.o
 *fill*         0x0000000008002ea6        0x2 
 .text.SysTick_Config
                0x0000000008002ea8       0x44 Drivers/STM32F4xx_HAL_Driver/Src/stm32f4xx_hal_cortex.o
 .text.HAL_NVIC_SetPriorityGrouping
                0x0000000008002eec       0x16 Drivers/STM32F4xx_HAL_Driver/Src/stm32f4xx_hal_cortex.o
                0x0000000008002eec                HAL_NVIC_SetPriorityGrouping
 .text.HAL_NVIC_SetPriority
                0x0000000008002f02       0x38 Drivers/STM32F4xx_HAL_Driver/Src/stm32f4xx_hal_cortex.o
                0x0000000008002f02                HAL_NVIC_SetPriority
 .text.HAL_NVIC_EnableIRQ
                0x0000000008002f3a       0x1c Drivers/STM32F4xx_HAL_Driver/Src/stm32f4xx_hal_cortex.o
                0x0000000008002f3a                HAL_NVIC_EnableIRQ
 .text.HAL_SYSTICK_Config
                0x0000000008002f56       0x18 Drivers/STM32F4xx_HAL_Driver/Src/stm32f4xx_hal_cortex.o
                0x0000000008002f56                HAL_SYSTICK_Config
 *fill*         0x0000000008002f6e        0x2 
 .text.HAL_DMA_Init
                0x0000000008002f70      0x15c Drivers/STM32F4xx_HAL_Driver/Src/stm32f4xx_hal_dma.o
                0x0000000008002f70                HAL_DMA_Init
 .text.HAL_DMA_Start_IT
                0x00000000080030cc       0xb0 Drivers/STM32F4xx_HAL_Driver/Src/stm32f4xx_hal_dma.o
                0x00000000080030cc                HAL_DMA_Start_IT
 .text.HAL_DMA_IRQHandler
                0x000000000800317c      0x314 Drivers/STM32F4xx_HAL_Driver/Src/stm32f4xx_hal_dma.o
                0x000000000800317c                HAL_DMA_IRQHandler
 .text.DMA_SetConfig
                0x0000000008003490       0x5c Drivers/STM32F4xx_HAL_Driver/Src/stm32f4xx_hal_dma.o
 .text.DMA_CalcBaseAndBitshift
                0x00000000080034ec       0x6c Drivers/STM32F4xx_HAL_Driver/Src/stm32f4xx_hal_dma.o
 .text.DMA_CheckFifoParam
                0x0000000008003558       0xf8 Drivers/STM32F4xx_HAL_Driver/Src/stm32f4xx_hal_dma.o
 .text.HAL_GPIO_Init
                0x0000000008003650      0x308 Drivers/STM32F4xx_HAL_Driver/Src/stm32f4xx_hal_gpio.o
                0x0000000008003650                HAL_GPIO_Init
 .text.HAL_GPIO_ReadPin
                0x0000000008003958       0x30 Drivers/STM32F4xx_HAL_Driver/Src/stm32f4xx_hal_gpio.o
                0x0000000008003958                HAL_GPIO_ReadPin
 .text.HAL_GPIO_WritePin
                0x0000000008003988       0x32 Drivers/STM32F4xx_HAL_Driver/Src/stm32f4xx_hal_gpio.o
                0x0000000008003988                HAL_GPIO_WritePin
 *fill*         0x00000000080039ba        0x2 
 .text.HAL_I2C_Init
                0x00000000080039bc      0x288 Drivers/STM32F4xx_HAL_Driver/Src/stm32f4xx_hal_i2c.o
                0x00000000080039bc                HAL_I2C_Init
 .text.HAL_I2C_Master_Transmit
                0x0000000008003c44      0x1fc Drivers/STM32F4xx_HAL_Driver/Src/stm32f4xx_hal_i2c.o
                0x0000000008003c44                HAL_I2C_Master_Transmit
 .text.HAL_I2C_Master_Receive
                0x0000000008003e40      0x44c Drivers/STM32F4xx_HAL_Driver/Src/stm32f4xx_hal_i2c.o
                0x0000000008003e40                HAL_I2C_Master_Receive
 .text.I2C_MasterRequestWrite
                0x000000000800428c      0x104 Drivers/STM32F4xx_HAL_Driver/Src/stm32f4xx_hal_i2c.o
 .text.I2C_MasterRequestRead
                0x0000000008004390      0x19c Drivers/STM32F4xx_HAL_Driver/Src/stm32f4xx_hal_i2c.o
 .text.I2C_WaitOnFlagUntilTimeout
                0x000000000800452c       0xae Drivers/STM32F4xx_HAL_Driver/Src/stm32f4xx_hal_i2c.o
 .text.I2C_WaitOnMasterAddressFlagUntilTimeout
                0x00000000080045da       0xfe Drivers/STM32F4xx_HAL_Driver/Src/stm32f4xx_hal_i2c.o
 .text.I2C_WaitOnTXEFlagUntilTimeout
                0x00000000080046d8       0x82 Drivers/STM32F4xx_HAL_Driver/Src/stm32f4xx_hal_i2c.o
 .text.I2C_WaitOnBTFFlagUntilTimeout
                0x000000000800475a       0x82 Drivers/STM32F4xx_HAL_Driver/Src/stm32f4xx_hal_i2c.o
 .text.I2C_WaitOnRXNEFlagUntilTimeout
                0x00000000080047dc       0xac Drivers/STM32F4xx_HAL_Driver/Src/stm32f4xx_hal_i2c.o
 .text.I2C_IsAcknowledgeFailed
                0x0000000008004888       0x5e Drivers/STM32F4xx_HAL_Driver/Src/stm32f4xx_hal_i2c.o
 .text.HAL_PCD_Init
                0x00000000080048e6      0x23a Drivers/STM32F4xx_HAL_Driver/Src/stm32f4xx_hal_pcd.o
                0x00000000080048e6                HAL_PCD_Init
 .text.HAL_PCD_Start
                0x0000000008004b20       0x66 Drivers/STM32F4xx_HAL_Driver/Src/stm32f4xx_hal_pcd.o
                0x0000000008004b20                HAL_PCD_Start
 .text.HAL_PCD_IRQHandler
                0x0000000008004b86      0x764 Drivers/STM32F4xx_HAL_Driver/Src/stm32f4xx_hal_pcd.o
                0x0000000008004b86                HAL_PCD_IRQHandler
 .text.HAL_PCD_SetAddress
                0x00000000080052ea       0x4a Drivers/STM32F4xx_HAL_Driver/Src/stm32f4xx_hal_pcd.o
                0x00000000080052ea                HAL_PCD_SetAddress
 .text.HAL_PCD_EP_Open
                0x0000000008005334       0xd0 Drivers/STM32F4xx_HAL_Driver/Src/stm32f4xx_hal_pcd.o
                0x0000000008005334                HAL_PCD_EP_Open
 .text.HAL_PCD_EP_Close
                0x0000000008005404       0x94 Drivers/STM32F4xx_HAL_Driver/Src/stm32f4xx_hal_pcd.o
                0x0000000008005404                HAL_PCD_EP_Close
 .text.HAL_PCD_EP_Receive
                0x0000000008005498       0x96 Drivers/STM32F4xx_HAL_Driver/Src/stm32f4xx_hal_pcd.o
                0x0000000008005498                HAL_PCD_EP_Receive
 .text.HAL_PCD_EP_GetRxCount
                0x000000000800552e       0x30 Drivers/STM32F4xx_HAL_Driver/Src/stm32f4xx_hal_pcd.o
                0x000000000800552e                HAL_PCD_EP_GetRxCount
 .text.HAL_PCD_EP_Transmit
                0x000000000800555e       0x94 Drivers/STM32F4xx_HAL_Driver/Src/stm32f4xx_hal_pcd.o
                0x000000000800555e                HAL_PCD_EP_Transmit
 .text.HAL_PCD_EP_SetStall
                0x00000000080055f2       0xc8 Drivers/STM32F4xx_HAL_Driver/Src/stm32f4xx_hal_pcd.o
                0x00000000080055f2                HAL_PCD_EP_SetStall
 .text.HAL_PCD_EP_ClrStall
                0x00000000080056ba       0xac Drivers/STM32F4xx_HAL_Driver/Src/stm32f4xx_hal_pcd.o
                0x00000000080056ba                HAL_PCD_EP_ClrStall
 .text.PCD_WriteEmptyTxFifo
                0x0000000008005766      0x11a Drivers/STM32F4xx_HAL_Driver/Src/stm32f4xx_hal_pcd.o
 .text.PCD_EP_OutXfrComplete_int
                0x0000000008005880      0x218 Drivers/STM32F4xx_HAL_Driver/Src/stm32f4xx_hal_pcd.o
 .text.PCD_EP_OutSetupPacket_int
                0x0000000008005a98       0x8c Drivers/STM32F4xx_HAL_Driver/Src/stm32f4xx_hal_pcd.o
 .text.HAL_PCDEx_SetTxFiFo
                0x0000000008005b24       0x8e Drivers/STM32F4xx_HAL_Driver/Src/stm32f4xx_hal_pcd_ex.o
                0x0000000008005b24                HAL_PCDEx_SetTxFiFo
 .text.HAL_PCDEx_SetRxFiFo
                0x0000000008005bb2       0x22 Drivers/STM32F4xx_HAL_Driver/Src/stm32f4xx_hal_pcd_ex.o
                0x0000000008005bb2                HAL_PCDEx_SetRxFiFo
 .text.HAL_PCDEx_LPM_Callback
                0x0000000008005bd4       0x18 Drivers/STM32F4xx_HAL_Driver/Src/stm32f4xx_hal_pcd_ex.o
                0x0000000008005bd4                HAL_PCDEx_LPM_Callback
 .text.HAL_RCC_OscConfig
                0x0000000008005bec      0x4f0 Drivers/STM32F4xx_HAL_Driver/Src/stm32f4xx_hal_rcc.o
                0x0000000008005bec                HAL_RCC_OscConfig
 .text.HAL_RCC_ClockConfig
                0x00000000080060dc      0x1cc Drivers/STM32F4xx_HAL_Driver/Src/stm32f4xx_hal_rcc.o
                0x00000000080060dc                HAL_RCC_ClockConfig
 .text.HAL_RCC_GetSysClockFreq
                0x00000000080062a8      0x1c0 Drivers/STM32F4xx_HAL_Driver/Src/stm32f4xx_hal_rcc.o
                0x00000000080062a8                HAL_RCC_GetSysClockFreq
 .text.HAL_RCC_GetHCLKFreq
                0x0000000008006468       0x18 Drivers/STM32F4xx_HAL_Driver/Src/stm32f4xx_hal_rcc.o
                0x0000000008006468                HAL_RCC_GetHCLKFreq
 .text.HAL_RCC_GetPCLK1Freq
                0x0000000008006480       0x28 Drivers/STM32F4xx_HAL_Driver/Src/stm32f4xx_hal_rcc.o
                0x0000000008006480                HAL_RCC_GetPCLK1Freq
 .text.HAL_RCC_DeInit
                0x00000000080064a8      0x19c Drivers/STM32F4xx_HAL_Driver/Src/stm32f4xx_hal_rcc_ex.o
                0x00000000080064a8                HAL_RCC_DeInit
 .text.HAL_TIM_Base_Init
                0x0000000008006644       0x9e Drivers/STM32F4xx_HAL_Driver/Src/stm32f4xx_hal_tim.o
                0x0000000008006644                HAL_TIM_Base_Init
 *fill*         0x00000000080066e2        0x2 
 .text.HAL_TIM_Base_Start_IT
                0x00000000080066e4       0xc4 Drivers/STM32F4xx_HAL_Driver/Src/stm32f4xx_hal_tim.o
                0x00000000080066e4                HAL_TIM_Base_Start_IT
 .text.HAL_TIM_PWM_Init
                0x00000000080067a8       0x9e Drivers/STM32F4xx_HAL_Driver/Src/stm32f4xx_hal_tim.o
                0x00000000080067a8                HAL_TIM_PWM_Init
 *fill*         0x0000000008006846        0x2 
 .text.HAL_TIM_PWM_Start
                0x0000000008006848      0x160 Drivers/STM32F4xx_HAL_Driver/Src/stm32f4xx_hal_tim.o
                0x0000000008006848                HAL_TIM_PWM_Start
 .text.HAL_TIM_IRQHandler
                0x00000000080069a8      0x210 Drivers/STM32F4xx_HAL_Driver/Src/stm32f4xx_hal_tim.o
                0x00000000080069a8                HAL_TIM_IRQHandler
 .text.HAL_TIM_PWM_ConfigChannel
                0x0000000008006bb8      0x17c Drivers/STM32F4xx_HAL_Driver/Src/stm32f4xx_hal_tim.o
                0x0000000008006bb8                HAL_TIM_PWM_ConfigChannel
 .text.HAL_TIM_ConfigClockSource
                0x0000000008006d34      0x188 Drivers/STM32F4xx_HAL_Driver/Src/stm32f4xx_hal_tim.o
                0x0000000008006d34                HAL_TIM_ConfigClockSource
 .text.HAL_TIM_PeriodElapsedCallback
                0x0000000008006ebc       0x14 Drivers/STM32F4xx_HAL_Driver/Src/stm32f4xx_hal_tim.o
                0x0000000008006ebc                HAL_TIM_PeriodElapsedCallback
 .text.HAL_TIM_OC_DelayElapsedCallback
                0x0000000008006ed0       0x14 Drivers/STM32F4xx_HAL_Driver/Src/stm32f4xx_hal_tim.o
                0x0000000008006ed0                HAL_TIM_OC_DelayElapsedCallback
 .text.HAL_TIM_IC_CaptureCallback
                0x0000000008006ee4       0x14 Drivers/STM32F4xx_HAL_Driver/Src/stm32f4xx_hal_tim.o
                0x0000000008006ee4                HAL_TIM_IC_CaptureCallback
 .text.HAL_TIM_PWM_PulseFinishedCallback
                0x0000000008006ef8       0x14 Drivers/STM32F4xx_HAL_Driver/Src/stm32f4xx_hal_tim.o
                0x0000000008006ef8                HAL_TIM_PWM_PulseFinishedCallback
 .text.HAL_TIM_TriggerCallback
                0x0000000008006f0c       0x14 Drivers/STM32F4xx_HAL_Driver/Src/stm32f4xx_hal_tim.o
                0x0000000008006f0c                HAL_TIM_TriggerCallback
 .text.TIM_Base_SetConfig
                0x0000000008006f20      0x100 Drivers/STM32F4xx_HAL_Driver/Src/stm32f4xx_hal_tim.o
                0x0000000008006f20                TIM_Base_SetConfig
 .text.TIM_OC1_SetConfig
                0x0000000008007020       0xcc Drivers/STM32F4xx_HAL_Driver/Src/stm32f4xx_hal_tim.o
 .text.TIM_OC2_SetConfig
                0x00000000080070ec       0xd8 Drivers/STM32F4xx_HAL_Driver/Src/stm32f4xx_hal_tim.o
                0x00000000080070ec                TIM_OC2_SetConfig
 .text.TIM_OC3_SetConfig
                0x00000000080071c4       0xd4 Drivers/STM32F4xx_HAL_Driver/Src/stm32f4xx_hal_tim.o
 .text.TIM_OC4_SetConfig
                0x0000000008007298       0xa0 Drivers/STM32F4xx_HAL_Driver/Src/stm32f4xx_hal_tim.o
 .text.TIM_TI1_ConfigInputStage
                0x0000000008007338       0x5e Drivers/STM32F4xx_HAL_Driver/Src/stm32f4xx_hal_tim.o
 .text.TIM_TI2_ConfigInputStage
                0x0000000008007396       0x60 Drivers/STM32F4xx_HAL_Driver/Src/stm32f4xx_hal_tim.o
 .text.TIM_ITRx_SetConfig
                0x00000000080073f6       0x36 Drivers/STM32F4xx_HAL_Driver/Src/stm32f4xx_hal_tim.o
 .text.TIM_ETR_SetConfig
                0x000000000800742c       0x40 Drivers/STM32F4xx_HAL_Driver/Src/stm32f4xx_hal_tim.o
                0x000000000800742c                TIM_ETR_SetConfig
 .text.TIM_CCxChannelCmd
                0x000000000800746c       0x4a Drivers/STM32F4xx_HAL_Driver/Src/stm32f4xx_hal_tim.o
                0x000000000800746c                TIM_CCxChannelCmd
 *fill*         0x00000000080074b6        0x2 
 .text.HAL_TIMEx_MasterConfigSynchronization
                0x00000000080074b8       0xdc Drivers/STM32F4xx_HAL_Driver/Src/stm32f4xx_hal_tim_ex.o
                0x00000000080074b8                HAL_TIMEx_MasterConfigSynchronization
 .text.HAL_TIMEx_CommutCallback
                0x0000000008007594       0x14 Drivers/STM32F4xx_HAL_Driver/Src/stm32f4xx_hal_tim_ex.o
                0x0000000008007594                HAL_TIMEx_CommutCallback
 .text.HAL_TIMEx_BreakCallback
                0x00000000080075a8       0x14 Drivers/STM32F4xx_HAL_Driver/Src/stm32f4xx_hal_tim_ex.o
                0x00000000080075a8                HAL_TIMEx_BreakCallback
 .text.USB_CoreInit
                0x00000000080075bc       0xc2 Drivers/STM32F4xx_HAL_Driver/Src/stm32f4xx_ll_usb.o
                0x00000000080075bc                USB_CoreInit
 *fill*         0x000000000800767e        0x2 
 .text.USB_SetTurnaroundTime
                0x0000000008007680      0x144 Drivers/STM32F4xx_HAL_Driver/Src/stm32f4xx_ll_usb.o
                0x0000000008007680                USB_SetTurnaroundTime
 .text.USB_EnableGlobalInt
                0x00000000080077c4       0x22 Drivers/STM32F4xx_HAL_Driver/Src/stm32f4xx_ll_usb.o
                0x00000000080077c4                USB_EnableGlobalInt
 .text.USB_DisableGlobalInt
                0x00000000080077e6       0x22 Drivers/STM32F4xx_HAL_Driver/Src/stm32f4xx_ll_usb.o
                0x00000000080077e6                USB_DisableGlobalInt
 .text.USB_SetCurrentMode
                0x0000000008007808       0x54 Drivers/STM32F4xx_HAL_Driver/Src/stm32f4xx_ll_usb.o
                0x0000000008007808                USB_SetCurrentMode
 .text.USB_DevInit
                0x000000000800785c      0x2c8 Drivers/STM32F4xx_HAL_Driver/Src/stm32f4xx_ll_usb.o
                0x000000000800785c                USB_DevInit
 .text.USB_FlushTxFifo
                0x0000000008007b24       0x4c Drivers/STM32F4xx_HAL_Driver/Src/stm32f4xx_ll_usb.o
                0x0000000008007b24                USB_FlushTxFifo
 .text.USB_FlushRxFifo
                0x0000000008007b70       0x44 Drivers/STM32F4xx_HAL_Driver/Src/stm32f4xx_ll_usb.o
                0x0000000008007b70                USB_FlushRxFifo
 .text.USB_SetDevSpeed
                0x0000000008007bb4       0x32 Drivers/STM32F4xx_HAL_Driver/Src/stm32f4xx_ll_usb.o
                0x0000000008007bb4                USB_SetDevSpeed
 .text.USB_GetDevSpeed
                0x0000000008007be6       0x4a Drivers/STM32F4xx_HAL_Driver/Src/stm32f4xx_ll_usb.o
                0x0000000008007be6                USB_GetDevSpeed
 .text.USB_ActivateEndpoint
                0x0000000008007c30      0x10e Drivers/STM32F4xx_HAL_Driver/Src/stm32f4xx_ll_usb.o
                0x0000000008007c30                USB_ActivateEndpoint
 *fill*         0x0000000008007d3e        0x2 
 .text.USB_DeactivateEndpoint
                0x0000000008007d40      0x1b8 Drivers/STM32F4xx_HAL_Driver/Src/stm32f4xx_ll_usb.o
                0x0000000008007d40                USB_DeactivateEndpoint
 .text.USB_EPStartXfer
                0x0000000008007ef8      0x488 Drivers/STM32F4xx_HAL_Driver/Src/stm32f4xx_ll_usb.o
                0x0000000008007ef8                USB_EPStartXfer
 .text.USB_EP0StartXfer
                0x0000000008008380      0x2a6 Drivers/STM32F4xx_HAL_Driver/Src/stm32f4xx_ll_usb.o
                0x0000000008008380                USB_EP0StartXfer
 .text.USB_WritePacket
                0x0000000008008626       0x6a Drivers/STM32F4xx_HAL_Driver/Src/stm32f4xx_ll_usb.o
                0x0000000008008626                USB_WritePacket
 .text.USB_ReadPacket
                0x0000000008008690       0x52 Drivers/STM32F4xx_HAL_Driver/Src/stm32f4xx_ll_usb.o
                0x0000000008008690                USB_ReadPacket
 .text.USB_EPSetStall
                0x00000000080086e2       0xdc Drivers/STM32F4xx_HAL_Driver/Src/stm32f4xx_ll_usb.o
                0x00000000080086e2                USB_EPSetStall
 .text.USB_EPClearStall
                0x00000000080087be       0xcc Drivers/STM32F4xx_HAL_Driver/Src/stm32f4xx_ll_usb.o
                0x00000000080087be                USB_EPClearStall
 .text.USB_SetDevAddress
                0x000000000800888a       0x4c Drivers/STM32F4xx_HAL_Driver/Src/stm32f4xx_ll_usb.o
                0x000000000800888a                USB_SetDevAddress
 .text.USB_DevConnect
                0x00000000080088d6       0x42 Drivers/STM32F4xx_HAL_Driver/Src/stm32f4xx_ll_usb.o
                0x00000000080088d6                USB_DevConnect
 .text.USB_DevDisconnect
                0x0000000008008918       0x42 Drivers/STM32F4xx_HAL_Driver/Src/stm32f4xx_ll_usb.o
                0x0000000008008918                USB_DevDisconnect
 .text.USB_ReadInterrupts
                0x000000000800895a       0x26 Drivers/STM32F4xx_HAL_Driver/Src/stm32f4xx_ll_usb.o
                0x000000000800895a                USB_ReadInterrupts
 .text.USB_ReadDevAllOutEpInterrupt
                0x0000000008008980       0x34 Drivers/STM32F4xx_HAL_Driver/Src/stm32f4xx_ll_usb.o
                0x0000000008008980                USB_ReadDevAllOutEpInterrupt
 .text.USB_ReadDevAllInEpInterrupt
                0x00000000080089b4       0x34 Drivers/STM32F4xx_HAL_Driver/Src/stm32f4xx_ll_usb.o
                0x00000000080089b4                USB_ReadDevAllInEpInterrupt
 .text.USB_ReadDevOutEPInterrupt
                0x00000000080089e8       0x3c Drivers/STM32F4xx_HAL_Driver/Src/stm32f4xx_ll_usb.o
                0x00000000080089e8                USB_ReadDevOutEPInterrupt
 .text.USB_ReadDevInEPInterrupt
                0x0000000008008a24       0x5c Drivers/STM32F4xx_HAL_Driver/Src/stm32f4xx_ll_usb.o
                0x0000000008008a24                USB_ReadDevInEPInterrupt
 .text.USB_GetMode
                0x0000000008008a80       0x1c Drivers/STM32F4xx_HAL_Driver/Src/stm32f4xx_ll_usb.o
                0x0000000008008a80                USB_GetMode
 .text.USB_ActivateSetup
                0x0000000008008a9c       0x46 Drivers/STM32F4xx_HAL_Driver/Src/stm32f4xx_ll_usb.o
                0x0000000008008a9c                USB_ActivateSetup
 *fill*         0x0000000008008ae2        0x2 
 .text.USB_EP0_OutStart
                0x0000000008008ae4       0xbc Drivers/STM32F4xx_HAL_Driver/Src/stm32f4xx_ll_usb.o
                0x0000000008008ae4                USB_EP0_OutStart
 .text.USB_CoreReset
                0x0000000008008ba0       0x68 Drivers/STM32F4xx_HAL_Driver/Src/stm32f4xx_ll_usb.o
 .text.getNumberDigits
                0x0000000008008c08       0x44 InputValidation/Src/inputValidation.o
                0x0000000008008c08                getNumberDigits
 .text.isInputInt
                0x0000000008008c4c       0x68 InputValidation/Src/inputValidation.o
                0x0000000008008c4c                isInputInt
 .text.parseAndValidateInput
                0x0000000008008cb4      0x450 InputValidation/Src/inputValidation.o
                0x0000000008008cb4                parseAndValidateInput
 *fill*         0x0000000008009104        0x4 
 .text.si7051Temp
                0x0000000008009108       0xe0 Libraries/SI7051/Src/si7051.o
                0x0000000008009108                si7051Temp
 .text.USBprintf
                0x00000000080091e8      0x244 Libraries/USBprint/Src/USBprint.o
                0x00000000080091e8                USBprintf
 .text.advance_pointer
                0x000000000800942c       0x80 Libraries/circularBuffer/Src/circular_buffer.o
 .text.retreat_pointer
                0x00000000080094ac       0x4c Libraries/circularBuffer/Src/circular_buffer.o
 .text.circular_buf_add_input
                0x00000000080094f8       0x38 Libraries/circularBuffer/Src/circular_buffer.o
                0x00000000080094f8                circular_buf_add_input
 .text.circular_buf_remove_input
                0x0000000008009530       0x38 Libraries/circularBuffer/Src/circular_buffer.o
                0x0000000008009530                circular_buf_remove_input
 .text.circular_get_number_input
                0x0000000008009568       0x34 Libraries/circularBuffer/Src/circular_buffer.o
                0x0000000008009568                circular_get_number_input
 .text.circular_read_command
                0x000000000800959c       0x78 Libraries/circularBuffer/Src/circular_buffer.o
                0x000000000800959c                circular_read_command
 .text.circular_buf_init
                0x0000000008009614       0x88 Libraries/circularBuffer/Src/circular_buffer.o
                0x0000000008009614                circular_buf_init
 .text.circular_buf_reset
                0x000000000800969c       0x48 Libraries/circularBuffer/Src/circular_buffer.o
                0x000000000800969c                circular_buf_reset
 .text.circular_buf_put
                0x00000000080096e4       0x50 Libraries/circularBuffer/Src/circular_buffer.o
                0x00000000080096e4                circular_buf_put
 .text.circular_buf_get
                0x0000000008009734       0x74 Libraries/circularBuffer/Src/circular_buffer.o
                0x0000000008009734                circular_buf_get
 .text.circular_buf_empty
                0x00000000080097a8       0x58 Libraries/circularBuffer/Src/circular_buffer.o
                0x00000000080097a8                circular_buf_empty
 .text.circular_buf_full
                0x0000000008009800       0x34 Libraries/circularBuffer/Src/circular_buffer.o
                0x0000000008009800                circular_buf_full
 .text.handleGenericMessages
                0x0000000008009834       0x70 Libraries/handleGenericMessages/Src/handleGenericMessages.o
                0x0000000008009834                handleGenericMessages
 .text.JumpToBootloader
                0x00000000080098a4       0x58 Libraries/jumpToBootloader/Src/jumpToBootloader.o
                0x00000000080098a4                JumpToBootloader
 .text.USBD_CDC_Init
                0x00000000080098fc       0xfe Middlewares/ST/STM32_USB_Device_Library/Class/CDC/Src/usbd_cdc.o
 .text.USBD_CDC_DeInit
                0x00000000080099fa       0x74 Middlewares/ST/STM32_USB_Device_Library/Class/CDC/Src/usbd_cdc.o
 *fill*         0x0000000008009a6e        0x2 
 .text.USBD_CDC_Setup
                0x0000000008009a70      0x190 Middlewares/ST/STM32_USB_Device_Library/Class/CDC/Src/usbd_cdc.o
 .text.USBD_CDC_DataIn
                0x0000000008009c00       0xca Middlewares/ST/STM32_USB_Device_Library/Class/CDC/Src/usbd_cdc.o
 .text.USBD_CDC_DataOut
                0x0000000008009cca       0x56 Middlewares/ST/STM32_USB_Device_Library/Class/CDC/Src/usbd_cdc.o
 .text.USBD_CDC_EP0_RxReady
                0x0000000008009d20       0x5a Middlewares/ST/STM32_USB_Device_Library/Class/CDC/Src/usbd_cdc.o
 *fill*         0x0000000008009d7a        0x2 
 .text.USBD_CDC_GetFSCfgDesc
                0x0000000008009d7c       0x20 Middlewares/ST/STM32_USB_Device_Library/Class/CDC/Src/usbd_cdc.o
 .text.USBD_CDC_GetHSCfgDesc
                0x0000000008009d9c       0x20 Middlewares/ST/STM32_USB_Device_Library/Class/CDC/Src/usbd_cdc.o
 .text.USBD_CDC_GetOtherSpeedCfgDesc
                0x0000000008009dbc       0x20 Middlewares/ST/STM32_USB_Device_Library/Class/CDC/Src/usbd_cdc.o
 .text.USBD_CDC_GetDeviceQualifierDescriptor
                0x0000000008009ddc       0x20 Middlewares/ST/STM32_USB_Device_Library/Class/CDC/Src/usbd_cdc.o
                0x0000000008009ddc                USBD_CDC_GetDeviceQualifierDescriptor
 .text.USBD_CDC_RegisterInterface
                0x0000000008009dfc       0x2a Middlewares/ST/STM32_USB_Device_Library/Class/CDC/Src/usbd_cdc.o
                0x0000000008009dfc                USBD_CDC_RegisterInterface
 .text.USBD_CDC_SetTxBuffer
                0x0000000008009e26       0x3c Middlewares/ST/STM32_USB_Device_Library/Class/CDC/Src/usbd_cdc.o
                0x0000000008009e26                USBD_CDC_SetTxBuffer
 .text.USBD_CDC_SetRxBuffer
                0x0000000008009e62       0x32 Middlewares/ST/STM32_USB_Device_Library/Class/CDC/Src/usbd_cdc.o
                0x0000000008009e62                USBD_CDC_SetRxBuffer
 .text.USBD_CDC_TransmitPacket
                0x0000000008009e94       0x60 Middlewares/ST/STM32_USB_Device_Library/Class/CDC/Src/usbd_cdc.o
                0x0000000008009e94                USBD_CDC_TransmitPacket
 .text.USBD_CDC_ReceivePacket
                0x0000000008009ef4       0x54 Middlewares/ST/STM32_USB_Device_Library/Class/CDC/Src/usbd_cdc.o
                0x0000000008009ef4                USBD_CDC_ReceivePacket
 .text.USBD_Init
                0x0000000008009f48       0x60 Middlewares/ST/STM32_USB_Device_Library/Core/Src/usbd_core.o
                0x0000000008009f48                USBD_Init
 .text.USBD_RegisterClass
                0x0000000008009fa8       0x4e Middlewares/ST/STM32_USB_Device_Library/Core/Src/usbd_core.o
                0x0000000008009fa8                USBD_RegisterClass
 .text.USBD_Start
                0x0000000008009ff6       0x18 Middlewares/ST/STM32_USB_Device_Library/Core/Src/usbd_core.o
                0x0000000008009ff6                USBD_Start
 .text.USBD_RunTestMode
                0x000000000800a00e       0x16 Middlewares/ST/STM32_USB_Device_Library/Core/Src/usbd_core.o
                0x000000000800a00e                USBD_RunTestMode
 .text.USBD_SetClassConfig
                0x000000000800a024       0x38 Middlewares/ST/STM32_USB_Device_Library/Core/Src/usbd_core.o
                0x000000000800a024                USBD_SetClassConfig
 .text.USBD_ClrClassConfig
                0x000000000800a05c       0x30 Middlewares/ST/STM32_USB_Device_Library/Core/Src/usbd_core.o
                0x000000000800a05c                USBD_ClrClassConfig
 .text.USBD_LL_SetupStage
                0x000000000800a08c       0xaa Middlewares/ST/STM32_USB_Device_Library/Core/Src/usbd_core.o
                0x000000000800a08c                USBD_LL_SetupStage
 .text.USBD_LL_DataOutStage
                0x000000000800a136       0xc6 Middlewares/ST/STM32_USB_Device_Library/Core/Src/usbd_core.o
                0x000000000800a136                USBD_LL_DataOutStage
 .text.USBD_LL_DataInStage
                0x000000000800a1fc      0x12c Middlewares/ST/STM32_USB_Device_Library/Core/Src/usbd_core.o
                0x000000000800a1fc                USBD_LL_DataInStage
 .text.USBD_LL_Reset
                0x000000000800a328       0x9c Middlewares/ST/STM32_USB_Device_Library/Core/Src/usbd_core.o
                0x000000000800a328                USBD_LL_Reset
 .text.USBD_LL_SetSpeed
                0x000000000800a3c4       0x20 Middlewares/ST/STM32_USB_Device_Library/Core/Src/usbd_core.o
                0x000000000800a3c4                USBD_LL_SetSpeed
 .text.USBD_LL_Suspend
                0x000000000800a3e4       0x2c Middlewares/ST/STM32_USB_Device_Library/Core/Src/usbd_core.o
                0x000000000800a3e4                USBD_LL_Suspend
 .text.USBD_LL_Resume
                0x000000000800a410       0x30 Middlewares/ST/STM32_USB_Device_Library/Core/Src/usbd_core.o
                0x000000000800a410                USBD_LL_Resume
 .text.USBD_LL_SOF
                0x000000000800a440       0x44 Middlewares/ST/STM32_USB_Device_Library/Core/Src/usbd_core.o
                0x000000000800a440                USBD_LL_SOF
 .text.USBD_LL_IsoINIncomplete
                0x000000000800a484       0x4c Middlewares/ST/STM32_USB_Device_Library/Core/Src/usbd_core.o
                0x000000000800a484                USBD_LL_IsoINIncomplete
 .text.USBD_LL_IsoOUTIncomplete
                0x000000000800a4d0       0x4c Middlewares/ST/STM32_USB_Device_Library/Core/Src/usbd_core.o
                0x000000000800a4d0                USBD_LL_IsoOUTIncomplete
 .text.USBD_LL_DevConnected
                0x000000000800a51c       0x16 Middlewares/ST/STM32_USB_Device_Library/Core/Src/usbd_core.o
                0x000000000800a51c                USBD_LL_DevConnected
 .text.USBD_LL_DevDisconnected
                0x000000000800a532       0x38 Middlewares/ST/STM32_USB_Device_Library/Core/Src/usbd_core.o
                0x000000000800a532                USBD_LL_DevDisconnected
 .text.SWAPBYTE
                0x000000000800a56a       0x3c Middlewares/ST/STM32_USB_Device_Library/Core/Src/usbd_ctlreq.o
 *fill*         0x000000000800a5a6        0x2 
 .text.USBD_StdDevReq
                0x000000000800a5a8       0xdc Middlewares/ST/STM32_USB_Device_Library/Core/Src/usbd_ctlreq.o
                0x000000000800a5a8                USBD_StdDevReq
 .text.USBD_StdItfReq
                0x000000000800a684       0x92 Middlewares/ST/STM32_USB_Device_Library/Core/Src/usbd_ctlreq.o
                0x000000000800a684                USBD_StdItfReq
 .text.USBD_StdEPReq
                0x000000000800a716      0x2c4 Middlewares/ST/STM32_USB_Device_Library/Core/Src/usbd_ctlreq.o
                0x000000000800a716                USBD_StdEPReq
 *fill*         0x000000000800a9da        0x2 
 .text.USBD_GetDescriptor
                0x000000000800a9dc      0x2d4 Middlewares/ST/STM32_USB_Device_Library/Core/Src/usbd_ctlreq.o
 .text.USBD_SetAddress
                0x000000000800acb0       0x88 Middlewares/ST/STM32_USB_Device_Library/Core/Src/usbd_ctlreq.o
 .text.USBD_SetConfig
                0x000000000800ad38      0x14c Middlewares/ST/STM32_USB_Device_Library/Core/Src/usbd_ctlreq.o
 .text.USBD_GetConfig
                0x000000000800ae84       0x6c Middlewares/ST/STM32_USB_Device_Library/Core/Src/usbd_ctlreq.o
 .text.USBD_GetStatus
                0x000000000800aef0       0x68 Middlewares/ST/STM32_USB_Device_Library/Core/Src/usbd_ctlreq.o
 .text.USBD_SetFeature
                0x000000000800af58       0x28 Middlewares/ST/STM32_USB_Device_Library/Core/Src/usbd_ctlreq.o
 .text.USBD_ClrFeature
                0x000000000800af80       0x44 Middlewares/ST/STM32_USB_Device_Library/Core/Src/usbd_ctlreq.o
 .text.USBD_ParseSetupRequest
                0x000000000800afc4       0x74 Middlewares/ST/STM32_USB_Device_Library/Core/Src/usbd_ctlreq.o
                0x000000000800afc4                USBD_ParseSetupRequest
 .text.USBD_CtlError
                0x000000000800b038       0x22 Middlewares/ST/STM32_USB_Device_Library/Core/Src/usbd_ctlreq.o
                0x000000000800b038                USBD_CtlError
 .text.USBD_GetString
                0x000000000800b05a       0x8c Middlewares/ST/STM32_USB_Device_Library/Core/Src/usbd_ctlreq.o
                0x000000000800b05a                USBD_GetString
 .text.USBD_GetLen
                0x000000000800b0e6       0x34 Middlewares/ST/STM32_USB_Device_Library/Core/Src/usbd_ctlreq.o
 .text.USBD_CtlSendData
                0x000000000800b11a       0x36 Middlewares/ST/STM32_USB_Device_Library/Core/Src/usbd_ioreq.o
                0x000000000800b11a                USBD_CtlSendData
 .text.USBD_CtlContinueSendData
                0x000000000800b150       0x22 Middlewares/ST/STM32_USB_Device_Library/Core/Src/usbd_ioreq.o
                0x000000000800b150                USBD_CtlContinueSendData
 .text.USBD_CtlPrepareRx
                0x000000000800b172       0x3a Middlewares/ST/STM32_USB_Device_Library/Core/Src/usbd_ioreq.o
                0x000000000800b172                USBD_CtlPrepareRx
 .text.USBD_CtlContinueRx
                0x000000000800b1ac       0x22 Middlewares/ST/STM32_USB_Device_Library/Core/Src/usbd_ioreq.o
                0x000000000800b1ac                USBD_CtlContinueRx
 .text.USBD_CtlSendStatus
                0x000000000800b1ce       0x26 Middlewares/ST/STM32_USB_Device_Library/Core/Src/usbd_ioreq.o
                0x000000000800b1ce                USBD_CtlSendStatus
 .text.USBD_CtlReceiveStatus
                0x000000000800b1f4       0x26 Middlewares/ST/STM32_USB_Device_Library/Core/Src/usbd_ioreq.o
                0x000000000800b1f4                USBD_CtlReceiveStatus
 *fill*         0x000000000800b21a        0x2 
 .text.MX_USB_DEVICE_Init
                0x000000000800b21c       0x60 USB_DEVICE/App/usb_device.o
                0x000000000800b21c                MX_USB_DEVICE_Init
 .text.circularBufferInit
                0x000000000800b27c       0x20 USB_DEVICE/App/usbd_cdc_if.o
                0x000000000800b27c                circularBufferInit
 .text.CDC_Init_FS
                0x000000000800b29c       0x28 USB_DEVICE/App/usbd_cdc_if.o
 .text.CDC_DeInit_FS
                0x000000000800b2c4       0x10 USB_DEVICE/App/usbd_cdc_if.o
 .text.CDC_Control_FS
                0x000000000800b2d4      0x180 USB_DEVICE/App/usbd_cdc_if.o
 .text.CDC_Receive_FS
                0x000000000800b454       0x88 USB_DEVICE/App/usbd_cdc_if.o
 .text.CDC_Transmit_FS
                0x000000000800b4dc       0x4c USB_DEVICE/App/usbd_cdc_if.o
                0x000000000800b4dc                CDC_Transmit_FS
 .text.CDC_TransmitCplt_FS
                0x000000000800b528       0x22 USB_DEVICE/App/usbd_cdc_if.o
 *fill*         0x000000000800b54a        0x2 
 .text.USBD_FS_DeviceDescriptor
                0x000000000800b54c       0x24 USB_DEVICE/App/usbd_desc.o
                0x000000000800b54c                USBD_FS_DeviceDescriptor
 .text.USBD_FS_LangIDStrDescriptor
                0x000000000800b570       0x24 USB_DEVICE/App/usbd_desc.o
                0x000000000800b570                USBD_FS_LangIDStrDescriptor
 .text.USBD_FS_ProductStrDescriptor
                0x000000000800b594       0x3c USB_DEVICE/App/usbd_desc.o
                0x000000000800b594                USBD_FS_ProductStrDescriptor
 .text.USBD_FS_ManufacturerStrDescriptor
                0x000000000800b5d0       0x28 USB_DEVICE/App/usbd_desc.o
                0x000000000800b5d0                USBD_FS_ManufacturerStrDescriptor
 .text.USBD_FS_SerialStrDescriptor
                0x000000000800b5f8       0x24 USB_DEVICE/App/usbd_desc.o
                0x000000000800b5f8                USBD_FS_SerialStrDescriptor
 .text.USBD_FS_ConfigStrDescriptor
                0x000000000800b61c       0x3c USB_DEVICE/App/usbd_desc.o
                0x000000000800b61c                USBD_FS_ConfigStrDescriptor
 .text.USBD_FS_InterfaceStrDescriptor
                0x000000000800b658       0x3c USB_DEVICE/App/usbd_desc.o
                0x000000000800b658                USBD_FS_InterfaceStrDescriptor
 .text.Get_SerialNum
                0x000000000800b694       0x58 USB_DEVICE/App/usbd_desc.o
 .text.IntToUnicode
                0x000000000800b6ec       0x7e USB_DEVICE/App/usbd_desc.o
 *fill*         0x000000000800b76a        0x2 
 .text.HAL_PCD_MspInit
                0x000000000800b76c       0xa8 USB_DEVICE/Target/usbd_conf.o
                0x000000000800b76c                HAL_PCD_MspInit
 .text.HAL_PCD_SetupStageCallback
                0x000000000800b814       0x24 USB_DEVICE/Target/usbd_conf.o
                0x000000000800b814                HAL_PCD_SetupStageCallback
 .text.HAL_PCD_DataOutStageCallback
                0x000000000800b838       0x36 USB_DEVICE/Target/usbd_conf.o
                0x000000000800b838                HAL_PCD_DataOutStageCallback
 .text.HAL_PCD_DataInStageCallback
                0x000000000800b86e       0x34 USB_DEVICE/Target/usbd_conf.o
                0x000000000800b86e                HAL_PCD_DataInStageCallback
 .text.HAL_PCD_SOFCallback
                0x000000000800b8a2       0x1c USB_DEVICE/Target/usbd_conf.o
                0x000000000800b8a2                HAL_PCD_SOFCallback
 .text.HAL_PCD_ResetCallback
                0x000000000800b8be       0x3c USB_DEVICE/Target/usbd_conf.o
                0x000000000800b8be                HAL_PCD_ResetCallback
 *fill*         0x000000000800b8fa        0x2 
 .text.HAL_PCD_SuspendCallback
                0x000000000800b8fc       0x4c USB_DEVICE/Target/usbd_conf.o
                0x000000000800b8fc                HAL_PCD_SuspendCallback
 .text.HAL_PCD_ResumeCallback
                0x000000000800b948       0x1c USB_DEVICE/Target/usbd_conf.o
                0x000000000800b948                HAL_PCD_ResumeCallback
 .text.HAL_PCD_ISOOUTIncompleteCallback
                0x000000000800b964       0x24 USB_DEVICE/Target/usbd_conf.o
                0x000000000800b964                HAL_PCD_ISOOUTIncompleteCallback
 .text.HAL_PCD_ISOINIncompleteCallback
                0x000000000800b988       0x24 USB_DEVICE/Target/usbd_conf.o
                0x000000000800b988                HAL_PCD_ISOINIncompleteCallback
 .text.HAL_PCD_ConnectCallback
                0x000000000800b9ac       0x1c USB_DEVICE/Target/usbd_conf.o
                0x000000000800b9ac                HAL_PCD_ConnectCallback
 .text.HAL_PCD_DisconnectCallback
                0x000000000800b9c8       0x1c USB_DEVICE/Target/usbd_conf.o
                0x000000000800b9c8                HAL_PCD_DisconnectCallback
 .text.USBD_LL_Init
                0x000000000800b9e4       0x98 USB_DEVICE/Target/usbd_conf.o
                0x000000000800b9e4                USBD_LL_Init
 .text.USBD_LL_Start
                0x000000000800ba7c       0x36 USB_DEVICE/Target/usbd_conf.o
                0x000000000800ba7c                USBD_LL_Start
 .text.USBD_LL_OpenEP
                0x000000000800bab2       0x4c USB_DEVICE/Target/usbd_conf.o
                0x000000000800bab2                USBD_LL_OpenEP
 .text.USBD_LL_CloseEP
                0x000000000800bafe       0x3e USB_DEVICE/Target/usbd_conf.o
                0x000000000800bafe                USBD_LL_CloseEP
 .text.USBD_LL_StallEP
                0x000000000800bb3c       0x3e USB_DEVICE/Target/usbd_conf.o
                0x000000000800bb3c                USBD_LL_StallEP
 .text.USBD_LL_ClearStallEP
                0x000000000800bb7a       0x3e USB_DEVICE/Target/usbd_conf.o
                0x000000000800bb7a                USBD_LL_ClearStallEP
 .text.USBD_LL_IsStallEP
                0x000000000800bbb8       0x58 USB_DEVICE/Target/usbd_conf.o
                0x000000000800bbb8                USBD_LL_IsStallEP
 .text.USBD_LL_SetUSBAddress
                0x000000000800bc10       0x3e USB_DEVICE/Target/usbd_conf.o
                0x000000000800bc10                USBD_LL_SetUSBAddress
 .text.USBD_LL_Transmit
                0x000000000800bc4e       0x42 USB_DEVICE/Target/usbd_conf.o
                0x000000000800bc4e                USBD_LL_Transmit
 .text.USBD_LL_PrepareReceive
                0x000000000800bc90       0x42 USB_DEVICE/Target/usbd_conf.o
                0x000000000800bc90                USBD_LL_PrepareReceive
 .text.USBD_LL_GetRxDataSize
                0x000000000800bcd2       0x26 USB_DEVICE/Target/usbd_conf.o
                0x000000000800bcd2                USBD_LL_GetRxDataSize
 .text.USBD_static_malloc
                0x000000000800bcf8       0x1c USB_DEVICE/Target/usbd_conf.o
                0x000000000800bcf8                USBD_static_malloc
 .text.USBD_static_free
                0x000000000800bd14       0x14 USB_DEVICE/Target/usbd_conf.o
                0x000000000800bd14                USBD_static_free
 .text.USBD_Get_USB_Status
                0x000000000800bd28       0x58 USB_DEVICE/Target/usbd_conf.o
                0x000000000800bd28                USBD_Get_USB_Status
 .text.__assert_func
                0x000000000800bd80       0x3c /opt/stm32cubeide/plugins/com.st.stm32cube.ide.mcu.externaltools.gnu-tools-for-stm32.9-2020-q2-update.linux64_1.5.0.202011040924/tools/bin/../lib/gcc/arm-none-eabi/9.3.1/../../../../arm-none-eabi/lib/thumb/v7e-m+fp/hard/libc_nano.a(lib_a-assert.o)
                0x000000000800bd80                __assert_func
 .text.atoi     0x000000000800bdbc        0x8 /opt/stm32cubeide/plugins/com.st.stm32cube.ide.mcu.externaltools.gnu-tools-for-stm32.9-2020-q2-update.linux64_1.5.0.202011040924/tools/bin/../lib/gcc/arm-none-eabi/9.3.1/../../../../arm-none-eabi/lib/thumb/v7e-m+fp/hard/libc_nano.a(lib_a-atoi.o)
                0x000000000800bdbc                atoi
 .text.__errno  0x000000000800bdc4        0xc /opt/stm32cubeide/plugins/com.st.stm32cube.ide.mcu.externaltools.gnu-tools-for-stm32.9-2020-q2-update.linux64_1.5.0.202011040924/tools/bin/../lib/gcc/arm-none-eabi/9.3.1/../../../../arm-none-eabi/lib/thumb/v7e-m+fp/hard/libc_nano.a(lib_a-errno.o)
                0x000000000800bdc4                __errno
 .text.fprintf  0x000000000800bdd0       0x24 /opt/stm32cubeide/plugins/com.st.stm32cube.ide.mcu.externaltools.gnu-tools-for-stm32.9-2020-q2-update.linux64_1.5.0.202011040924/tools/bin/../lib/gcc/arm-none-eabi/9.3.1/../../../../arm-none-eabi/lib/thumb/v7e-m+fp/hard/libc_nano.a(lib_a-fprintf.o)
                0x000000000800bdd0                fprintf
                0x000000000800bdd0                fiprintf
 .text.__libc_init_array
                0x000000000800bdf4       0x48 /opt/stm32cubeide/plugins/com.st.stm32cube.ide.mcu.externaltools.gnu-tools-for-stm32.9-2020-q2-update.linux64_1.5.0.202011040924/tools/bin/../lib/gcc/arm-none-eabi/9.3.1/../../../../arm-none-eabi/lib/thumb/v7e-m+fp/hard/libc_nano.a(lib_a-init.o)
                0x000000000800bdf4                __libc_init_array
 .text.malloc   0x000000000800be3c       0x10 /opt/stm32cubeide/plugins/com.st.stm32cube.ide.mcu.externaltools.gnu-tools-for-stm32.9-2020-q2-update.linux64_1.5.0.202011040924/tools/bin/../lib/gcc/arm-none-eabi/9.3.1/../../../../arm-none-eabi/lib/thumb/v7e-m+fp/hard/libc_nano.a(lib_a-malloc.o)
                0x000000000800be3c                malloc
 .text.memcpy   0x000000000800be4c       0x1c /opt/stm32cubeide/plugins/com.st.stm32cube.ide.mcu.externaltools.gnu-tools-for-stm32.9-2020-q2-update.linux64_1.5.0.202011040924/tools/bin/../lib/gcc/arm-none-eabi/9.3.1/../../../../arm-none-eabi/lib/thumb/v7e-m+fp/hard/libc_nano.a(lib_a-memcpy-stub.o)
                0x000000000800be4c                memcpy
 .text.memset   0x000000000800be68       0x10 /opt/stm32cubeide/plugins/com.st.stm32cube.ide.mcu.externaltools.gnu-tools-for-stm32.9-2020-q2-update.linux64_1.5.0.202011040924/tools/bin/../lib/gcc/arm-none-eabi/9.3.1/../../../../arm-none-eabi/lib/thumb/v7e-m+fp/hard/libc_nano.a(lib_a-memset.o)
                0x000000000800be68                memset
 .text._free_r  0x000000000800be78       0xa0 /opt/stm32cubeide/plugins/com.st.stm32cube.ide.mcu.externaltools.gnu-tools-for-stm32.9-2020-q2-update.linux64_1.5.0.202011040924/tools/bin/../lib/gcc/arm-none-eabi/9.3.1/../../../../arm-none-eabi/lib/thumb/v7e-m+fp/hard/libc_nano.a(lib_a-nano-freer.o)
                0x000000000800be78                _free_r
 .text._malloc_r
                0x000000000800bf18       0xb4 /opt/stm32cubeide/plugins/com.st.stm32cube.ide.mcu.externaltools.gnu-tools-for-stm32.9-2020-q2-update.linux64_1.5.0.202011040924/tools/bin/../lib/gcc/arm-none-eabi/9.3.1/../../../../arm-none-eabi/lib/thumb/v7e-m+fp/hard/libc_nano.a(lib_a-nano-mallocr.o)
                0x000000000800bf18                _malloc_r
 .text.__sfputc_r
                0x000000000800bfcc       0x2e /opt/stm32cubeide/plugins/com.st.stm32cube.ide.mcu.externaltools.gnu-tools-for-stm32.9-2020-q2-update.linux64_1.5.0.202011040924/tools/bin/../lib/gcc/arm-none-eabi/9.3.1/../../../../arm-none-eabi/lib/thumb/v7e-m+fp/hard/libc_nano.a(lib_a-nano-vfprintf.o)
 .text.__sfputs_r
                0x000000000800bffa       0x24 /opt/stm32cubeide/plugins/com.st.stm32cube.ide.mcu.externaltools.gnu-tools-for-stm32.9-2020-q2-update.linux64_1.5.0.202011040924/tools/bin/../lib/gcc/arm-none-eabi/9.3.1/../../../../arm-none-eabi/lib/thumb/v7e-m+fp/hard/libc_nano.a(lib_a-nano-vfprintf.o)
                0x000000000800bffa                __sfputs_r
 *fill*         0x000000000800c01e        0x2 
 .text._vfprintf_r
                0x000000000800c020      0x260 /opt/stm32cubeide/plugins/com.st.stm32cube.ide.mcu.externaltools.gnu-tools-for-stm32.9-2020-q2-update.linux64_1.5.0.202011040924/tools/bin/../lib/gcc/arm-none-eabi/9.3.1/../../../../arm-none-eabi/lib/thumb/v7e-m+fp/hard/libc_nano.a(lib_a-nano-vfprintf.o)
                0x000000000800c020                _vfiprintf_r
                0x000000000800c020                _vfprintf_r
 .text.__cvt    0x000000000800c280       0xc4 /opt/stm32cubeide/plugins/com.st.stm32cube.ide.mcu.externaltools.gnu-tools-for-stm32.9-2020-q2-update.linux64_1.5.0.202011040924/tools/bin/../lib/gcc/arm-none-eabi/9.3.1/../../../../arm-none-eabi/lib/thumb/v7e-m+fp/hard/libc_nano.a(lib_a-nano-vfprintf_float.o)
                0x000000000800c280                __cvt
 .text.__exponent
                0x000000000800c344       0x7c /opt/stm32cubeide/plugins/com.st.stm32cube.ide.mcu.externaltools.gnu-tools-for-stm32.9-2020-q2-update.linux64_1.5.0.202011040924/tools/bin/../lib/gcc/arm-none-eabi/9.3.1/../../../../arm-none-eabi/lib/thumb/v7e-m+fp/hard/libc_nano.a(lib_a-nano-vfprintf_float.o)
                0x000000000800c344                __exponent
 .text._printf_float
                0x000000000800c3c0      0x46c /opt/stm32cubeide/plugins/com.st.stm32cube.ide.mcu.externaltools.gnu-tools-for-stm32.9-2020-q2-update.linux64_1.5.0.202011040924/tools/bin/../lib/gcc/arm-none-eabi/9.3.1/../../../../arm-none-eabi/lib/thumb/v7e-m+fp/hard/libc_nano.a(lib_a-nano-vfprintf_float.o)
                0x000000000800c3c0                _printf_float
 .text._printf_common
                0x000000000800c82c       0xda /opt/stm32cubeide/plugins/com.st.stm32cube.ide.mcu.externaltools.gnu-tools-for-stm32.9-2020-q2-update.linux64_1.5.0.202011040924/tools/bin/../lib/gcc/arm-none-eabi/9.3.1/../../../../arm-none-eabi/lib/thumb/v7e-m+fp/hard/libc_nano.a(lib_a-nano-vfprintf_i.o)
                0x000000000800c82c                _printf_common
 *fill*         0x000000000800c906        0x2 
 .text._printf_i
                0x000000000800c908      0x24c /opt/stm32cubeide/plugins/com.st.stm32cube.ide.mcu.externaltools.gnu-tools-for-stm32.9-2020-q2-update.linux64_1.5.0.202011040924/tools/bin/../lib/gcc/arm-none-eabi/9.3.1/../../../../arm-none-eabi/lib/thumb/v7e-m+fp/hard/libc_nano.a(lib_a-nano-vfprintf_i.o)
                0x000000000800c908                _printf_i
 .text._sbrk_r  0x000000000800cb54       0x20 /opt/stm32cubeide/plugins/com.st.stm32cube.ide.mcu.externaltools.gnu-tools-for-stm32.9-2020-q2-update.linux64_1.5.0.202011040924/tools/bin/../lib/gcc/arm-none-eabi/9.3.1/../../../../arm-none-eabi/lib/thumb/v7e-m+fp/hard/libc_nano.a(lib_a-sbrkr.o)
                0x000000000800cb54                _sbrk_r
 .text.snprintf
                0x000000000800cb74       0x68 /opt/stm32cubeide/plugins/com.st.stm32cube.ide.mcu.externaltools.gnu-tools-for-stm32.9-2020-q2-update.linux64_1.5.0.202011040924/tools/bin/../lib/gcc/arm-none-eabi/9.3.1/../../../../arm-none-eabi/lib/thumb/v7e-m+fp/hard/libc_nano.a(lib_a-snprintf.o)
                0x000000000800cb74                snprintf
                0x000000000800cb74                sniprintf
 .text.strstr   0x000000000800cbdc       0x2e /opt/stm32cubeide/plugins/com.st.stm32cube.ide.mcu.externaltools.gnu-tools-for-stm32.9-2020-q2-update.linux64_1.5.0.202011040924/tools/bin/../lib/gcc/arm-none-eabi/9.3.1/../../../../arm-none-eabi/lib/thumb/v7e-m+fp/hard/libc_nano.a(lib_a-strstr.o)
                0x000000000800cbdc                strstr
 *fill*         0x000000000800cc0a        0x2 
 .text._strtol_l.isra.0
                0x000000000800cc0c      0x108 /opt/stm32cubeide/plugins/com.st.stm32cube.ide.mcu.externaltools.gnu-tools-for-stm32.9-2020-q2-update.linux64_1.5.0.202011040924/tools/bin/../lib/gcc/arm-none-eabi/9.3.1/../../../../arm-none-eabi/lib/thumb/v7e-m+fp/hard/libc_nano.a(lib_a-strtol.o)
 .text.strtol   0x000000000800cd14       0x14 /opt/stm32cubeide/plugins/com.st.stm32cube.ide.mcu.externaltools.gnu-tools-for-stm32.9-2020-q2-update.linux64_1.5.0.202011040924/tools/bin/../lib/gcc/arm-none-eabi/9.3.1/../../../../arm-none-eabi/lib/thumb/v7e-m+fp/hard/libc_nano.a(lib_a-strtol.o)
                0x000000000800cd14                strtol
 .text.__swbuf_r
                0x000000000800cd28       0xa4 /opt/stm32cubeide/plugins/com.st.stm32cube.ide.mcu.externaltools.gnu-tools-for-stm32.9-2020-q2-update.linux64_1.5.0.202011040924/tools/bin/../lib/gcc/arm-none-eabi/9.3.1/../../../../arm-none-eabi/lib/thumb/v7e-m+fp/hard/libc_nano.a(lib_a-wbuf.o)
                0x000000000800cd28                __swbuf_r
 .text.__swsetup_r
                0x000000000800cdcc       0xdc /opt/stm32cubeide/plugins/com.st.stm32cube.ide.mcu.externaltools.gnu-tools-for-stm32.9-2020-q2-update.linux64_1.5.0.202011040924/tools/bin/../lib/gcc/arm-none-eabi/9.3.1/../../../../arm-none-eabi/lib/thumb/v7e-m+fp/hard/libc_nano.a(lib_a-wsetup.o)
                0x000000000800cdcc                __swsetup_r
 .text.abort    0x000000000800cea8        0xe /opt/stm32cubeide/plugins/com.st.stm32cube.ide.mcu.externaltools.gnu-tools-for-stm32.9-2020-q2-update.linux64_1.5.0.202011040924/tools/bin/../lib/gcc/arm-none-eabi/9.3.1/../../../../arm-none-eabi/lib/thumb/v7e-m+fp/hard/libc_nano.a(lib_a-abort.o)
                0x000000000800cea8                abort
 .text.quorem   0x000000000800ceb6      0x116 /opt/stm32cubeide/plugins/com.st.stm32cube.ide.mcu.externaltools.gnu-tools-for-stm32.9-2020-q2-update.linux64_1.5.0.202011040924/tools/bin/../lib/gcc/arm-none-eabi/9.3.1/../../../../arm-none-eabi/lib/thumb/v7e-m+fp/hard/libc_nano.a(lib_a-dtoa.o)
 *fill*         0x000000000800cfcc        0x4 
 .text._dtoa_r  0x000000000800cfd0      0xbd8 /opt/stm32cubeide/plugins/com.st.stm32cube.ide.mcu.externaltools.gnu-tools-for-stm32.9-2020-q2-update.linux64_1.5.0.202011040924/tools/bin/../lib/gcc/arm-none-eabi/9.3.1/../../../../arm-none-eabi/lib/thumb/v7e-m+fp/hard/libc_nano.a(lib_a-dtoa.o)
                0x000000000800cfd0                _dtoa_r
 .text.__sflush_r
                0x000000000800dba8      0x10c /opt/stm32cubeide/plugins/com.st.stm32cube.ide.mcu.externaltools.gnu-tools-for-stm32.9-2020-q2-update.linux64_1.5.0.202011040924/tools/bin/../lib/gcc/arm-none-eabi/9.3.1/../../../../arm-none-eabi/lib/thumb/v7e-m+fp/hard/libc_nano.a(lib_a-fflush.o)
                0x000000000800dba8                __sflush_r
 .text._fflush_r
                0x000000000800dcb4       0x78 /opt/stm32cubeide/plugins/com.st.stm32cube.ide.mcu.externaltools.gnu-tools-for-stm32.9-2020-q2-update.linux64_1.5.0.202011040924/tools/bin/../lib/gcc/arm-none-eabi/9.3.1/../../../../arm-none-eabi/lib/thumb/v7e-m+fp/hard/libc_nano.a(lib_a-fflush.o)
                0x000000000800dcb4                _fflush_r
 .text.std      0x000000000800dd2c       0x48 /opt/stm32cubeide/plugins/com.st.stm32cube.ide.mcu.externaltools.gnu-tools-for-stm32.9-2020-q2-update.linux64_1.5.0.202011040924/tools/bin/../lib/gcc/arm-none-eabi/9.3.1/../../../../arm-none-eabi/lib/thumb/v7e-m+fp/hard/libc_nano.a(lib_a-findfp.o)
 .text._cleanup_r
                0x000000000800dd74        0xc /opt/stm32cubeide/plugins/com.st.stm32cube.ide.mcu.externaltools.gnu-tools-for-stm32.9-2020-q2-update.linux64_1.5.0.202011040924/tools/bin/../lib/gcc/arm-none-eabi/9.3.1/../../../../arm-none-eabi/lib/thumb/v7e-m+fp/hard/libc_nano.a(lib_a-findfp.o)
                0x000000000800dd74                _cleanup_r
 .text.__sfmoreglue
                0x000000000800dd80       0x2c /opt/stm32cubeide/plugins/com.st.stm32cube.ide.mcu.externaltools.gnu-tools-for-stm32.9-2020-q2-update.linux64_1.5.0.202011040924/tools/bin/../lib/gcc/arm-none-eabi/9.3.1/../../../../arm-none-eabi/lib/thumb/v7e-m+fp/hard/libc_nano.a(lib_a-findfp.o)
                0x000000000800dd80                __sfmoreglue
 .text.__sfp_lock_acquire
                0x000000000800ddac        0xc /opt/stm32cubeide/plugins/com.st.stm32cube.ide.mcu.externaltools.gnu-tools-for-stm32.9-2020-q2-update.linux64_1.5.0.202011040924/tools/bin/../lib/gcc/arm-none-eabi/9.3.1/../../../../arm-none-eabi/lib/thumb/v7e-m+fp/hard/libc_nano.a(lib_a-findfp.o)
                0x000000000800ddac                __sfp_lock_acquire
 .text.__sfp_lock_release
                0x000000000800ddb8        0xc /opt/stm32cubeide/plugins/com.st.stm32cube.ide.mcu.externaltools.gnu-tools-for-stm32.9-2020-q2-update.linux64_1.5.0.202011040924/tools/bin/../lib/gcc/arm-none-eabi/9.3.1/../../../../arm-none-eabi/lib/thumb/v7e-m+fp/hard/libc_nano.a(lib_a-findfp.o)
                0x000000000800ddb8                __sfp_lock_release
 .text.__sinit_lock_acquire
                0x000000000800ddc4        0xc /opt/stm32cubeide/plugins/com.st.stm32cube.ide.mcu.externaltools.gnu-tools-for-stm32.9-2020-q2-update.linux64_1.5.0.202011040924/tools/bin/../lib/gcc/arm-none-eabi/9.3.1/../../../../arm-none-eabi/lib/thumb/v7e-m+fp/hard/libc_nano.a(lib_a-findfp.o)
                0x000000000800ddc4                __sinit_lock_acquire
 .text.__sinit_lock_release
                0x000000000800ddd0        0xc /opt/stm32cubeide/plugins/com.st.stm32cube.ide.mcu.externaltools.gnu-tools-for-stm32.9-2020-q2-update.linux64_1.5.0.202011040924/tools/bin/../lib/gcc/arm-none-eabi/9.3.1/../../../../arm-none-eabi/lib/thumb/v7e-m+fp/hard/libc_nano.a(lib_a-findfp.o)
                0x000000000800ddd0                __sinit_lock_release
 .text.__sinit  0x000000000800dddc       0x70 /opt/stm32cubeide/plugins/com.st.stm32cube.ide.mcu.externaltools.gnu-tools-for-stm32.9-2020-q2-update.linux64_1.5.0.202011040924/tools/bin/../lib/gcc/arm-none-eabi/9.3.1/../../../../arm-none-eabi/lib/thumb/v7e-m+fp/hard/libc_nano.a(lib_a-findfp.o)
                0x000000000800dddc                __sinit
 .text.__sfp    0x000000000800de4c       0x8c /opt/stm32cubeide/plugins/com.st.stm32cube.ide.mcu.externaltools.gnu-tools-for-stm32.9-2020-q2-update.linux64_1.5.0.202011040924/tools/bin/../lib/gcc/arm-none-eabi/9.3.1/../../../../arm-none-eabi/lib/thumb/v7e-m+fp/hard/libc_nano.a(lib_a-findfp.o)
                0x000000000800de4c                __sfp
 .text._fwalk_reent
                0x000000000800ded8       0x3e /opt/stm32cubeide/plugins/com.st.stm32cube.ide.mcu.externaltools.gnu-tools-for-stm32.9-2020-q2-update.linux64_1.5.0.202011040924/tools/bin/../lib/gcc/arm-none-eabi/9.3.1/../../../../arm-none-eabi/lib/thumb/v7e-m+fp/hard/libc_nano.a(lib_a-fwalk.o)
                0x000000000800ded8                _fwalk_reent
 *fill*         0x000000000800df16        0x2 
 .text._localeconv_r
                0x000000000800df18        0x8 /opt/stm32cubeide/plugins/com.st.stm32cube.ide.mcu.externaltools.gnu-tools-for-stm32.9-2020-q2-update.linux64_1.5.0.202011040924/tools/bin/../lib/gcc/arm-none-eabi/9.3.1/../../../../arm-none-eabi/lib/thumb/v7e-m+fp/hard/libc_nano.a(lib_a-localeconv.o)
                0x000000000800df18                _localeconv_r
 .text.__retarget_lock_init_recursive
                0x000000000800df20        0x2 /opt/stm32cubeide/plugins/com.st.stm32cube.ide.mcu.externaltools.gnu-tools-for-stm32.9-2020-q2-update.linux64_1.5.0.202011040924/tools/bin/../lib/gcc/arm-none-eabi/9.3.1/../../../../arm-none-eabi/lib/thumb/v7e-m+fp/hard/libc_nano.a(lib_a-lock.o)
                0x000000000800df20                __retarget_lock_init_recursive
 .text.__retarget_lock_acquire_recursive
                0x000000000800df22        0x2 /opt/stm32cubeide/plugins/com.st.stm32cube.ide.mcu.externaltools.gnu-tools-for-stm32.9-2020-q2-update.linux64_1.5.0.202011040924/tools/bin/../lib/gcc/arm-none-eabi/9.3.1/../../../../arm-none-eabi/lib/thumb/v7e-m+fp/hard/libc_nano.a(lib_a-lock.o)
                0x000000000800df22                __retarget_lock_acquire_recursive
 .text.__retarget_lock_release_recursive
                0x000000000800df24        0x2 /opt/stm32cubeide/plugins/com.st.stm32cube.ide.mcu.externaltools.gnu-tools-for-stm32.9-2020-q2-update.linux64_1.5.0.202011040924/tools/bin/../lib/gcc/arm-none-eabi/9.3.1/../../../../arm-none-eabi/lib/thumb/v7e-m+fp/hard/libc_nano.a(lib_a-lock.o)
                0x000000000800df24                __retarget_lock_release_recursive
 .text.__swhatbuf_r
                0x000000000800df26       0x48 /opt/stm32cubeide/plugins/com.st.stm32cube.ide.mcu.externaltools.gnu-tools-for-stm32.9-2020-q2-update.linux64_1.5.0.202011040924/tools/bin/../lib/gcc/arm-none-eabi/9.3.1/../../../../arm-none-eabi/lib/thumb/v7e-m+fp/hard/libc_nano.a(lib_a-makebuf.o)
                0x000000000800df26                __swhatbuf_r
 *fill*         0x000000000800df6e        0x2 
 .text.__smakebuf_r
                0x000000000800df70       0x80 /opt/stm32cubeide/plugins/com.st.stm32cube.ide.mcu.externaltools.gnu-tools-for-stm32.9-2020-q2-update.linux64_1.5.0.202011040924/tools/bin/../lib/gcc/arm-none-eabi/9.3.1/../../../../arm-none-eabi/lib/thumb/v7e-m+fp/hard/libc_nano.a(lib_a-makebuf.o)
                0x000000000800df70                __smakebuf_r
 .text.memmove  0x000000000800dff0       0x34 /opt/stm32cubeide/plugins/com.st.stm32cube.ide.mcu.externaltools.gnu-tools-for-stm32.9-2020-q2-update.linux64_1.5.0.202011040924/tools/bin/../lib/gcc/arm-none-eabi/9.3.1/../../../../arm-none-eabi/lib/thumb/v7e-m+fp/hard/libc_nano.a(lib_a-memmove.o)
                0x000000000800dff0                memmove
 .text.__malloc_lock
                0x000000000800e024        0xc /opt/stm32cubeide/plugins/com.st.stm32cube.ide.mcu.externaltools.gnu-tools-for-stm32.9-2020-q2-update.linux64_1.5.0.202011040924/tools/bin/../lib/gcc/arm-none-eabi/9.3.1/../../../../arm-none-eabi/lib/thumb/v7e-m+fp/hard/libc_nano.a(lib_a-mlock.o)
                0x000000000800e024                __malloc_lock
 .text.__malloc_unlock
                0x000000000800e030        0xc /opt/stm32cubeide/plugins/com.st.stm32cube.ide.mcu.externaltools.gnu-tools-for-stm32.9-2020-q2-update.linux64_1.5.0.202011040924/tools/bin/../lib/gcc/arm-none-eabi/9.3.1/../../../../arm-none-eabi/lib/thumb/v7e-m+fp/hard/libc_nano.a(lib_a-mlock.o)
                0x000000000800e030                __malloc_unlock
 .text._Balloc  0x000000000800e03c       0x80 /opt/stm32cubeide/plugins/com.st.stm32cube.ide.mcu.externaltools.gnu-tools-for-stm32.9-2020-q2-update.linux64_1.5.0.202011040924/tools/bin/../lib/gcc/arm-none-eabi/9.3.1/../../../../arm-none-eabi/lib/thumb/v7e-m+fp/hard/libc_nano.a(lib_a-mprec.o)
                0x000000000800e03c                _Balloc
 .text._Bfree   0x000000000800e0bc       0x44 /opt/stm32cubeide/plugins/com.st.stm32cube.ide.mcu.externaltools.gnu-tools-for-stm32.9-2020-q2-update.linux64_1.5.0.202011040924/tools/bin/../lib/gcc/arm-none-eabi/9.3.1/../../../../arm-none-eabi/lib/thumb/v7e-m+fp/hard/libc_nano.a(lib_a-mprec.o)
                0x000000000800e0bc                _Bfree
 .text.__multadd
                0x000000000800e100       0x94 /opt/stm32cubeide/plugins/com.st.stm32cube.ide.mcu.externaltools.gnu-tools-for-stm32.9-2020-q2-update.linux64_1.5.0.202011040924/tools/bin/../lib/gcc/arm-none-eabi/9.3.1/../../../../arm-none-eabi/lib/thumb/v7e-m+fp/hard/libc_nano.a(lib_a-mprec.o)
                0x000000000800e100                __multadd
 .text.__hi0bits
                0x000000000800e194       0x40 /opt/stm32cubeide/plugins/com.st.stm32cube.ide.mcu.externaltools.gnu-tools-for-stm32.9-2020-q2-update.linux64_1.5.0.202011040924/tools/bin/../lib/gcc/arm-none-eabi/9.3.1/../../../../arm-none-eabi/lib/thumb/v7e-m+fp/hard/libc_nano.a(lib_a-mprec.o)
                0x000000000800e194                __hi0bits
 .text.__lo0bits
                0x000000000800e1d4       0x60 /opt/stm32cubeide/plugins/com.st.stm32cube.ide.mcu.externaltools.gnu-tools-for-stm32.9-2020-q2-update.linux64_1.5.0.202011040924/tools/bin/../lib/gcc/arm-none-eabi/9.3.1/../../../../arm-none-eabi/lib/thumb/v7e-m+fp/hard/libc_nano.a(lib_a-mprec.o)
                0x000000000800e1d4                __lo0bits
 .text.__i2b    0x000000000800e234       0x2c /opt/stm32cubeide/plugins/com.st.stm32cube.ide.mcu.externaltools.gnu-tools-for-stm32.9-2020-q2-update.linux64_1.5.0.202011040924/tools/bin/../lib/gcc/arm-none-eabi/9.3.1/../../../../arm-none-eabi/lib/thumb/v7e-m+fp/hard/libc_nano.a(lib_a-mprec.o)
                0x000000000800e234                __i2b
 .text.__multiply
                0x000000000800e260      0x14c /opt/stm32cubeide/plugins/com.st.stm32cube.ide.mcu.externaltools.gnu-tools-for-stm32.9-2020-q2-update.linux64_1.5.0.202011040924/tools/bin/../lib/gcc/arm-none-eabi/9.3.1/../../../../arm-none-eabi/lib/thumb/v7e-m+fp/hard/libc_nano.a(lib_a-mprec.o)
                0x000000000800e260                __multiply
 .text.__pow5mult
                0x000000000800e3ac       0xb4 /opt/stm32cubeide/plugins/com.st.stm32cube.ide.mcu.externaltools.gnu-tools-for-stm32.9-2020-q2-update.linux64_1.5.0.202011040924/tools/bin/../lib/gcc/arm-none-eabi/9.3.1/../../../../arm-none-eabi/lib/thumb/v7e-m+fp/hard/libc_nano.a(lib_a-mprec.o)
                0x000000000800e3ac                __pow5mult
 .text.__lshift
                0x000000000800e460       0xd8 /opt/stm32cubeide/plugins/com.st.stm32cube.ide.mcu.externaltools.gnu-tools-for-stm32.9-2020-q2-update.linux64_1.5.0.202011040924/tools/bin/../lib/gcc/arm-none-eabi/9.3.1/../../../../arm-none-eabi/lib/thumb/v7e-m+fp/hard/libc_nano.a(lib_a-mprec.o)
                0x000000000800e460                __lshift
 .text.__mcmp   0x000000000800e538       0x38 /opt/stm32cubeide/plugins/com.st.stm32cube.ide.mcu.externaltools.gnu-tools-for-stm32.9-2020-q2-update.linux64_1.5.0.202011040924/tools/bin/../lib/gcc/arm-none-eabi/9.3.1/../../../../arm-none-eabi/lib/thumb/v7e-m+fp/hard/libc_nano.a(lib_a-mprec.o)
                0x000000000800e538                __mcmp
 .text.__mdiff  0x000000000800e570      0x110 /opt/stm32cubeide/plugins/com.st.stm32cube.ide.mcu.externaltools.gnu-tools-for-stm32.9-2020-q2-update.linux64_1.5.0.202011040924/tools/bin/../lib/gcc/arm-none-eabi/9.3.1/../../../../arm-none-eabi/lib/thumb/v7e-m+fp/hard/libc_nano.a(lib_a-mprec.o)
                0x000000000800e570                __mdiff
 .text.__d2b    0x000000000800e680       0xb8 /opt/stm32cubeide/plugins/com.st.stm32cube.ide.mcu.externaltools.gnu-tools-for-stm32.9-2020-q2-update.linux64_1.5.0.202011040924/tools/bin/../lib/gcc/arm-none-eabi/9.3.1/../../../../arm-none-eabi/lib/thumb/v7e-m+fp/hard/libc_nano.a(lib_a-mprec.o)
                0x000000000800e680                __d2b
 .text._calloc_r
                0x000000000800e738       0x1e /opt/stm32cubeide/plugins/com.st.stm32cube.ide.mcu.externaltools.gnu-tools-for-stm32.9-2020-q2-update.linux64_1.5.0.202011040924/tools/bin/../lib/gcc/arm-none-eabi/9.3.1/../../../../arm-none-eabi/lib/thumb/v7e-m+fp/hard/libc_nano.a(lib_a-nano-callocr.o)
                0x000000000800e738                _calloc_r
 .text._realloc_r
                0x000000000800e756       0x4c /opt/stm32cubeide/plugins/com.st.stm32cube.ide.mcu.externaltools.gnu-tools-for-stm32.9-2020-q2-update.linux64_1.5.0.202011040924/tools/bin/../lib/gcc/arm-none-eabi/9.3.1/../../../../arm-none-eabi/lib/thumb/v7e-m+fp/hard/libc_nano.a(lib_a-nano-reallocr.o)
                0x000000000800e756                _realloc_r
 .text.__ssputs_r
                0x000000000800e7a2       0xb6 /opt/stm32cubeide/plugins/com.st.stm32cube.ide.mcu.externaltools.gnu-tools-for-stm32.9-2020-q2-update.linux64_1.5.0.202011040924/tools/bin/../lib/gcc/arm-none-eabi/9.3.1/../../../../arm-none-eabi/lib/thumb/v7e-m+fp/hard/libc_nano.a(lib_a-nano-svfprintf.o)
                0x000000000800e7a2                __ssputs_r
 .text._svfprintf_r
                0x000000000800e858      0x200 /opt/stm32cubeide/plugins/com.st.stm32cube.ide.mcu.externaltools.gnu-tools-for-stm32.9-2020-q2-update.linux64_1.5.0.202011040924/tools/bin/../lib/gcc/arm-none-eabi/9.3.1/../../../../arm-none-eabi/lib/thumb/v7e-m+fp/hard/libc_nano.a(lib_a-nano-svfprintf.o)
                0x000000000800e858                _svfprintf_r
                0x000000000800e858                _svfiprintf_r
 .text._raise_r
                0x000000000800ea58       0x50 /opt/stm32cubeide/plugins/com.st.stm32cube.ide.mcu.externaltools.gnu-tools-for-stm32.9-2020-q2-update.linux64_1.5.0.202011040924/tools/bin/../lib/gcc/arm-none-eabi/9.3.1/../../../../arm-none-eabi/lib/thumb/v7e-m+fp/hard/libc_nano.a(lib_a-signal.o)
                0x000000000800ea58                _raise_r
 .text.raise    0x000000000800eaa8       0x10 /opt/stm32cubeide/plugins/com.st.stm32cube.ide.mcu.externaltools.gnu-tools-for-stm32.9-2020-q2-update.linux64_1.5.0.202011040924/tools/bin/../lib/gcc/arm-none-eabi/9.3.1/../../../../arm-none-eabi/lib/thumb/v7e-m+fp/hard/libc_nano.a(lib_a-signal.o)
                0x000000000800eaa8                raise
 .text._kill_r  0x000000000800eab8       0x24 /opt/stm32cubeide/plugins/com.st.stm32cube.ide.mcu.externaltools.gnu-tools-for-stm32.9-2020-q2-update.linux64_1.5.0.202011040924/tools/bin/../lib/gcc/arm-none-eabi/9.3.1/../../../../arm-none-eabi/lib/thumb/v7e-m+fp/hard/libc_nano.a(lib_a-signalr.o)
                0x000000000800eab8                _kill_r
 .text._getpid_r
                0x000000000800eadc        0x4 /opt/stm32cubeide/plugins/com.st.stm32cube.ide.mcu.externaltools.gnu-tools-for-stm32.9-2020-q2-update.linux64_1.5.0.202011040924/tools/bin/../lib/gcc/arm-none-eabi/9.3.1/../../../../arm-none-eabi/lib/thumb/v7e-m+fp/hard/libc_nano.a(lib_a-signalr.o)
                0x000000000800eadc                _getpid_r
 .text.__sread  0x000000000800eae0       0x22 /opt/stm32cubeide/plugins/com.st.stm32cube.ide.mcu.externaltools.gnu-tools-for-stm32.9-2020-q2-update.linux64_1.5.0.202011040924/tools/bin/../lib/gcc/arm-none-eabi/9.3.1/../../../../arm-none-eabi/lib/thumb/v7e-m+fp/hard/libc_nano.a(lib_a-stdio.o)
                0x000000000800eae0                __sread
 .text.__swrite
                0x000000000800eb02       0x38 /opt/stm32cubeide/plugins/com.st.stm32cube.ide.mcu.externaltools.gnu-tools-for-stm32.9-2020-q2-update.linux64_1.5.0.202011040924/tools/bin/../lib/gcc/arm-none-eabi/9.3.1/../../../../arm-none-eabi/lib/thumb/v7e-m+fp/hard/libc_nano.a(lib_a-stdio.o)
                0x000000000800eb02                __swrite